#######################################$$$$$$$$$$$$$$$$$$$$$$$$$$$$$$$$$$$$$$$$$
#           #                         #$$$$$$$$$$$$$$$$$$$$$$$$$$$$$$$$$$$$$$$$$
# ### ##### # ###################]#####$$$$$$$$$$$$$$$$$$$$$$$$$$$$$$$$$$$$$$$$$
#Z#T#     #   #           #       #   #$$$$$$$$$$$$$$$$$$$$$$$$$$$$$$$$$$$$$$$$$
# # # #########G### # ### # ####### # #$$$$$$$$$$$$$$$$$$$$$$$$$$$$$$$$$$$$$$$$$
#   #       ###G#   #   # #   #   # # #$$$$$$$$$$$$$$$$$$$$$$$$$$$$$$$$$$$$$$$$$
########### ###G##  ### ##### # # # # #$$$$$$$$$$$$$$$$$$$$$$$$$$$$$$$$$$$$$$$$$
##### . #   ##B B#    # #   # # #   # #$$$$$$$$$$$$$$$$$$$$$$$$$$$$$$$$$$$$$$$$$
###m#.+.######B B#### # # # # ### # ###$$$$$$$$$$$$$$$$$$$$$$$$$$$$$$$$$$$$$$$$$
#   # . #   ##B B#  #   # # #   # #   #$$$$$$$$$$$$$$$$$$$$$$$$$$$$$$$$$$$$$$$$$
# #]###]#   ### ##  ###[# # ###   ### #$$$$$$$$$$$$$$$$$$$$$$$$$$$$$$$$$$$$$$$$$
# #%#   #   #   [     # o #     # # # #$$$$$$$$$$$$$$$$$$$$$$$$$$$$$$$$$$$$$$$$$
# ### # ###[#   ################### # #$$$$$$$$$$$$$$$$$$$$$$$$$$$$$$$$$$$$$$$$$
# #   #   # #             #       #   #$$$$$$$$$$$$$$$$$$$$$$$$$$$$$$$$$$$$$$$$$
# # ##### # #####     ###]#       #####$$$$$$$$$$$$$$$$$$$$$$$$$$$$$$$$$$$$$$$$$
# # #     # #   #   ###   #           #$$$$$$$$$$$$$$$$$$$$$$$$$$$$$$$$$$$$$$$$$
# # # #####[### #####m#]#[###>####### #$$$$$$$$$$$$$$$$$$$$$$$$$$$$$$$$$$$$$$$$$
#   # #       #     #   #   #      o# #$$$$$$$$$$$$$$$$$$$$$$$$$$$$$$$$$$$$$$$$$
#######]##### #S#####]#[#   #########[#$$$$$$$$$$$$$$$$$$$$$$$$$$$$$$$$$$$$$$$$$
#     [ #   # #   #o  # #       #     #$$$$$$$$$$$$$$$$$$$$$$$$$$$$$$$$$$$$$$$$$
#  #### #   # #   #m  # ###     #   #[#$$$$$$$$$$$$$$$$$$$$$$$$$$$$$$$$$$$$$$$$$
#  #  #     # #   #o  # ###     [   # #$$$$$$$$$$$$$$$$$$$$$$$$$$$$$$$$$$$$$$$$$
#  #  #     # #   #m  # #########   # #$$$$$$$$$$$$$$$$$$$$$$$$$$$$$$$$$$$$$$$$$
#  #  #     # #   ##  # B##     #   # #$$$$$$$$$$$$$$$$$$$$$$$$$$$$$$$$$$$$$$$$$
#  #S####   # ##[###  #G###     ##### #$$$$$$$$$$$$$$$$$$$$$$$$$$$$$$$$$$$$$$$$$
#  #    #   # #       #   [     #   # #$$$$$$$$$$$$$$$$$$$$$$$$$$$$$$$$$$$$$$$$$
#  #  #[#   # # #######   #     #   # #$$$$$$$$$$$$$$$$$$$$$$$$$$$$$$$$$$$$$$$$$
#  #  # #   # # #         #     [   # #$$$$$$$$$$$$$$$$$$$$$$$$$$$$$$$$$$$$$$$$$
#  #### #   #   #     #############[# #$$$$$$$$$$$$$$$$$$$$$$$$$$$$$$$$$$$$$$$$$
#     # [   #   #     #     [       # #$$$$$$$$$$$$$$$$$$$$$$$$$$$$$$$$$$$$$$$$$
#   ###]#########[#####     #       # #$$$$$$$$$$$$$$$$$$$$$$$$$$$$$$$$$$$$$$$$$
#\\\#           #     [     #       # #$$$$$$$$$$$$$$$$$$$$$$$$$$$$$$$$$$$$$$$$$
##### ######### ###   #     #       # #$$$$$$$$$$$$$$$$$$$$$$$$$$$$$$$$$$$$$$$$$
#     #         # #   #     #       # #$$$$$$$$$$$$$$$$$$$$$$$$$$$$$$$$$$$$$$$$$
# ######### ##### #####[#G#[######### #$$$$$$$$$$$$$$$$$$$$$$$$$$$$$$$$$$$$$$$$$
# ##      #       #     # #     #     #$$$$$$$$$$$$$$$$$$$$$$$$$$$$$$$$$$$$$$$$$
# #m      ####### # =   # # ooo #     #$$$$$$$$$$$$$$$$$$$$$$$$$$$$$$$$$$$$$$$$$
# ]        @#     #   = # # ooo #     #$$$$$$$$$$$$$$$$$$$$$$$$$$$$$$$$$$$$$$$$$
###################  =  #\# ooo #######$$$$$$$$$$$$$$$$$$$$$$$$$$$$$$$$$$$$$$$$$
$$$$$$$$$$$$$$$$$$#     ###     #$$$$$$$$$$$$$$$$$$$$$$$$$$$$$$$$$$$$$$$$$$$$$$$
$$$$$$$$$$$$$$$$$$###m###$###m###$$$$$$$$$$$$$$$$$$$$$$$$$$$$$$$$$$$$$$$$$$$$$$$
$$$$$$$$$$$$$$$$$$$$$$$$$$$$$$$$$$$$$$$$$$$$$$$$$$$$$$$$$$$$$$$$$$$$$$$$$$$$$$$$
$$$$$$$$$$$$$$$$$$$$$$$$$$$$$$$$$$$$$$$$$$$$$$$$$$$$$$$$$$$$$$$$$$$$$$$$$$$$$$$$
$$$$$$$$$$$$$$$$$$$$$$$$$$$$$$$$$$$$$$$$$$$$$$$$$$$$$$$$$$$$$$$$$$$$$$$$$$$$$$$$
$$$$$$$$$$$$$$$$$$$$$$$$$$$$$$$$$$$$$$$$$$$$$$$$$$$$$$$$$$$$$$$$$$$$$$$$$$$$$$$$
$$$$$$$$$$$$$$$$$$$$$$$$$$$$$$$$$$$$$$$$$$$$$$$$$$$$$$$$$$$$$$$$$$$$$$$$$$$$$$$$
$$$$$$$$$$$$$$$$$$$$$$$$$$$$$$$$$$$$$$$$$$$$$$$$$$$$$$$$$$$$$$$$$$$$$$$$$$$$$$$$
$$$$$$$$$$$$$$$$$$$$$$$$$$$$$$$$$$$$$$$$$$$$$$$$$$$$$$$$$$$$$$$$$$$$$$$$$$$$$$$$
$$$$$$$$$$$$$$$$$$$$$$$$$$$$$$$$$$$$$$$$$$$$$$$$$$$$$$$$$$$$$$$$$$$$$$$$$$$$$$$$
$$$$$$$$$$$$$$$$$$$$$$$$$$$$$$$$$$$$$$$$$$$$$$$$$$$$$$$$$$$$$$$$$$$$$$$$$$$$$$$$
$$$$$$$$$$$$$$$$$$$$$$$$$$$$$$$$$$$$$$$$$$$$$$$$$$$$$$$$$$$$$$$$$$$$$$$$$$$$$$$$
$$$$$$$$$$$$$$$$$$$$$$$$$$$$$$$$$$$$$$$$$$$$$$$$$$$$$$$$$$$$$$$$$$$$$$$$$$$$$$$$
$$$$$$$$$$$$$$$$$$$$$$$$$$$$$$$$$$$$$$$$$$$$$$$$$$$$$$$$$$$$$$$$$$$$$$$$$$$$$$$$
$$$$$$$$$$$$$$$$$$$$$$$$$$$$$$$$$$$$$$$$$$$$$$$$$$$$$$$$$$$$$$$$$$$$$$$$$$$$$$$$
$$$$$$$$$$$$$$$$$$$$$$$$$$$$$$$$$$$$$$$$$$$$$$$$$$$$$$$$$$$$$$$$$$$$$$$$$$$$$$$$
$$$$$$$$$$$$$$$$$$$$$$$$$$$$$$$$$$$$$$$$$$$$$$$$$$$$$$$$$$$$$$$$$$$$$$$$$$$$$$$$
$$$$$$$$$$$$$$$$$$$$$$$$$$$$$$$$$$$$$$$$$$$$$$$$$$$$$$$$$$$$$$$$$$$$$$$$$$$$$$$$
$$$$$$$$$$$$$$$$$$$$$$$$$$$$$$$$$$$$$$$$$$$$$$$$$$$$$$$$$$$$$$$$$$$$$$$$$$$$$$$$
$$$$$$$$$$$$$$$$$$$$$$$$$$$$$$$$$$$$$$$$$$$$$$$$$$$$$$$$$$$$$$$$$$$$$$$$$$$$$$$$
$$$$$$$$$$$$$$$$$$$$$$$$$$$$$$$$$$$$$$$$$$$$$$$$$$$$$$$$$$$$$$$$$$$$$$$$$$$$$$$$
$$$$$$$$$$$$$$$$$$$$$$$$$$$$$$$$$$$$$$$$$$$$$$$$$$$$$$$$$$$$$$$$$$$$$$$$$$$$$$$$
$$$$$$$$$$$$$$$$$$$$$$$$$$$$$$$$$$$$$$$$$$$$$$$$$$$$$$$$$$$$$$$$$$$$$$$$$$$$$$$$
$$$$$$$$$$$$$$$$$$$$$$$$$$$$$$$$$$$$$$$$$$$$$$$$$$$$$$$$$$$$$$$$$$$$$$$$$$$$$$$$
$$$$$$$$$$$$$$$$$$$$$$$$$$$$$$$$$$$$$$$$$$$$$$$$$$$$$$$$$$$$$$$$$$$$$$$$$$$$$$$$
$$$$$$$$$$$$$$$$$$$$$$$$$$$$$$$$$$$$$$$$$$$$$$$$$$$$$$$$$$$$$$$$$$$$$$$$$$$$$$$$
$$$$$$$$$$$$$$$$$$$$$$$$$$$$$$$$$$$$$$$$$$$$$$$$$$$$$$$$$$$$$$$$$$$$$$$$$$$$$$$$
$$$$$$$$$$$$$$$$$$$$$$$$$$$$$$$$$$$$$$$$$$$$$$$$$$$$$$$$$$$$$$$$$$$$$$$$$$$$$$$$
$$$$$$$$$$$$$$$$$$$$$$$$$$$$$$$$$$$$$$$$$$$$$$$$$$$$$$$$$$$$$$$$$$$$$$$$$$$$$$$$
$$$$$$$$$$$$$$$$$$$$$$$$$$$$$$$$$$$$$$$$$$$$$$$$$$$$$$$$$$$$$$$$$$$$$$$$$$$$$$$$
$$$$$$$$$$$$$$$$$$$$$$$$$$$$$$$$$$$$$$$$$$$$$$$$$$$$$$$$$$$$$$$$$$$$$$$$$$$$$$$$
$$$$$$$$$$$$$$$$$$$$$$$$$$$$$$$$$$$$$$$$$$$$$$$$$$$$$$$$$$$$$$$$$$$$$$$$$$$$$$$$
$$$$$$$$$$$$$$$$$$$$$$$$$$$$$$$$$$$$$$$$$$$$$$$$$$$$$$$$$$$$$$$$$$$$$$$$$$$$$$$$
$$$$$$$$$$$$$$$$$$$$$$$$$$$$$$$$$$$$$$$$$$$$$$$$$$$$$$$$$$$$$$$$$$$$$$$$$$$$$$$$
$$$$$$$$$$$$$$$$$$$$$$$$$$$$$$$$$$$$$$$$$$$$$$$$$$$$$$$$$$$$$$$$$$$$$$$$$$$$$$$$
$$$$$$$$$$$$$$$$$$$$$$$$$$$$$$$$$$$$$$$$$$$$$$$$$$$$$$$$$$$$$$$$$$$$$$$$$$$$$$$$
$$$$$$$$$$$$$$$$$$$$$$$$$$$$$$$$$$$$$$$$$$$$$$$$$$$$$$$$$$$$$$$$$$$$$$$$$$$$$$$$
$$$$$$$$$$$$$$$$$$$$$$$$$$$$$$$$$$$$$$$$$$$$$$$$$$$$$$$$$$$$$$$$$$$$$$$$$$$$$$$$
$$$$$$$$$$$$$$$$$$$$$$$$$$$$$$$$$$$$$$$$$$$$$$$$$$$$$$$$$$$$$$$$$$$$$$$$$$$$$$$$
$$$$$$$$$$$$$$$$$$$$$$$$$$$$$$$$$$$$$$$$$$$$$$$$$$$$$$$$$$$$$$$$$$$$$$$$$$$$$$$$
$$$$$$$$$$$$$$$$$$$$$$$$$$$$$$$$$$$$$$$$$$$$$$$$$$$$$$$$$$$$$$$$$$$$$$$$$$$$$$$$