version=1
-
left=0
top=0
right=239
bottom=239
light=1
monst=1
level=1
start=40,39,1
-
^^^^^^^^^^^^^^^^^^^^^^^^^^^^^^^^^^^^^^^^^^^^^^^^^^^^^^^^^^^^^^^^^^^^^^^^^^^^^^^^^^^^^^^^^^^^^^^^^^^^^^^^^^^^^^^^^^^^^^^^^^^^^^^^^^^^^^^^^^^^^^^^^^^^^^^^^^^^^^^^^^^^^^^^^^^^^^^^^^^^^^^^^^^^^^^^^^^^^^^^^^^^^^^^^^^^^^^^^^^^^^^^^^^^^^^^^^^^^^^^
^^^^^^^^^^^^^^^^^^^^^^^^^^^^^^^^^^^^^^^^^^^^^^^^^^^^^^^^^^^^^^^^^^^^^^^^^^^^^^^^^^^^^^^^^^^^^^^^^^^^^^^^^^^^^^^^^^^^^^^^^^^^^^^^^^^^^^^^^^^^^^^^^^^^^^^^^^^^^^^^^^^^^^^^^^^^^^^^^^^^^^^^^^^^^^^^^^^^^^^^^^^^^^^^^^^^^^^^^^^^^^^^^^^^^^^^^^^^^^^^
^^^^^^^^^^^^^^^^^^^^^^^^^^^^^^^^^^^^^^^^^^^^^^^^^^^^^^^^^^^^^^^^^^^^^^^^^^^^^^^^^^^^^^^^^^^^^^^^^^^^^^^^^^^^^^^^^^^^^^^^^^^^^^^^^^^^^^^^^^^^^^^^^^^^^^^^^^^^^^^^^^^^^^^^^^^^^^^^^^^^^^^^^^^^^^^^^^^^^^^^^^^^^^^^^^^^^^^^^^^^^^^^^^^^^^^^^^^^^^^^
^^^^^^^^^^^^^^^^^^^^^^^^^^^^^^^^^^^^^^^^^^^^^^^^^^^^^^^^^^^^^^^^^^^^^^^^^^^^^^^^^^^^^^^^^^^^^^^^^^^^^^^^^^^^^^^^^^^^^^^^^^^^^^^^^^^^^^^^^^^^^^^^^^^^^^^^^^^^^^^^^^^^^^^^^^^^^^^^^^^^^^^^^^^^^^^^^^^^^^^^^^^^^^^^^^^^^^^^^^^^^^^^^^^^^^^^^^^^^^^^
^^^^^^^^^^^^^^^^^^^^^^^^^^^^^^^^^^^^^^^^^^^^^^^^^^^^^^^^^^^^^^^^^^^^^^^^^^^^^^^^^^^^^^^^^^^^^^^^^^^^^^^^^^^^^^^^^^^^^^^^^^^^^^^^^^^^^^^^^^^^^^^^^^^^^^^^^^^^^^^^^^^^^^^^^^^^^^^^^^^^^^^^^^^^^^^^^^^^^^^^^^^^^^^^^^^^^^^^^^^^^^^^^^^^^^^^^^^^^^^^
^^^^^^^^^^^^^^^^^^^^^^^^^^^^^^^^^^^^^^^^^^^^^^^^^^^^^^^^^^^^^^^^^^^^^^^^^^^^^^^^^^^^^^^^^^^^^^^^^^^^^^^^^^^^^^^^^^^^^^^^^^^^^^^^^^^^^^^^^^^^^^^^^^^^^^^^^^^^^^^^^^^^^^^^^^^^^^^^^^^^^^^^^^^^^^^^^^^^^^^^^^^^^^^^^^^^^^^^^^^^^^^^^^^^^^^^^^^^^^^^
^^^^^^^^^^^^^^^^^^^^^^^^^^^^^^^^^^^^^^^^^^^^^^^^^^^^^^^^^^^^^^^^^^^^^^^^^^^^^^^^^^^^^^^^^^^^^^^^^^^^^^^^^^^^^^^^^^^^^^^^^^^^^^^^^^^^^^^^^^^^^^^^^^^^^^^^^^^^^^^^^^^^^^^^^^^^^^^^^^^^^^^^^^^^^^^^^^^^^^^^^^^^^^^^^^^^^^^^^^^^^^^^^^^^^^^^^^^^^^^^
^^^^^^^^^^^^^^^^^^^^^^^^^^^^^^^^^^^^^^^^^^^^^^^^^^^^^^^^^^^^^^^^^^^^^^^^^^^^^^^^^^^^^^^^^^^^^^^^^^^^^^^^^^^^^^^^^^^^^^^^^^^^^^^^^^^^^^^^^^^^^^^^^^^^^^^^^^^^^^^^^^^^^^^^^^^^^^^^^^^^^^^^^^^^^^^^^^^^^^^^^^^^^^^^^^^^^^^^^^^^^^^^^^^^^^^^^^^^^^^^
^^^^^^^^^^^^^^^^^^^^^^^^^^^^^^^^^^^^^^^^^^^^^^^^^^^^^^^^^^^^^^^^^^^^^^^^^^^^^^^^^^^^^^^^^^^^^^^^^^^^^^^^^^^^^^^^^^^^^^^^^^^^^^^^^^^^^^^^^^^^^^^^^^^^^^^^^^^^^^^^^^^^^^^^^^^^^^^^^^^^^^^^^^^^^^^^^^^^^^^^^^^^^^^^^^^^^^^^^^^^^^^^^^^^^^^^^^^^^^^^
^^^^^^^^^^^^^^^^^^^^^^^^^^^^^^^^^^^^^^^^^^^^^^^^^^^^^^^^^^^^^^^^^^^^^^^^^^^^^^^^^^^^^^^^^^^^^^^^^^^^^^^^^^^^^^^^^^^^^^^^^^^^^^^^^^^^^^^^^^^^^^^^^^^^^^^^^^^^^^^^^^^^^^^^^^^^^^^^^^^^^^^^^^^^^^^^^^^^^^^^^^^^^^^^^^^^^^^^^^^^^^^^^^^^^^^^^^^^^^^^
^^^^^^^^^^^^^^^^^^^^^^^^^^^^^^^^^^^^^^^^^^^^^^^^^^^^^^^^^^^^^^^^^^^^^^^^^^^^^^^^^^^^^^^^^^^^^^^^^^^^^^^^^^^^^^^^^^^^^^^^^^^^^^^^^^^^^^^^^^^^^^^^^^^^^^^^^^^^^^^^^^^^^^^^^^^^^^^^^^^^^^^^^^^^^^^^^^^^^^^^^^^^^^^^^^^^^^^^^^^^^^^^^^^^^^^^^^^^^^^^
^^^^^^^^^^^^^^^^^^^^^^^^^^^^^^^^~~^^^^^^^^^^^^^^^^^^^^^^^^^^^^^^^^^^^^^^^^^^^^^^^^^^^^^^^^^^^^^^^^^^^^^^^^^^^^^^^^^^^^^^^^^^^^^^^^^^^^^^^^^^^^^^^^^^^^^^^^^^^^^^^^^^^^^^^^^^^^^^^^^^^^^^^^^^^^^^^^^^^^^^^^^^^^^^^^^^^^^^^^^^^^^^^^^^^^^^^^^^^^^^
^^^^^^^^^^^^^^^^^^^^^^^^^^^^^^~~~~~~^^^^^^^^^^^^^^^^^^^^^^^^^^^^^^^^^^^^^^^^^^^^^^^^^^^^^^^^^^^^^^^^^^^^^^^^^^^^^^^^^^^^^^^^^^^^^^^^^^^^^^^^^^^^^^^^^^^^^^^^^^^^^^^^^^^^^^^^^^^^^^^^^^^^^^^^^^^^^^^^^^^^^^^^^^^^^^^^^^^^^^^^^^^^^^^^^^^^^^^^^^^^
^^^^^^^^^^^^^^^^^^^^^^^^^^^^^^~~~~~~^^^^^^^^^^^^^^^^^^^^^^^^^^^^^^^^^^^^^^^^^^^^^^^^^^^^^^^^^^^^^^^^^^^^^^^^^^^^^^^^^^^^^^^^^^^^^^^^^^^^^^^^^^^^^^^^^^^^^^^^^^^^^^^^^^^^^^^^^^^^^^^^^^^^^^^^^^^^^^^^^^^^^^^^^^^^^^^^^^^^^^^^^^^^^^^^^^^^^^^^^^^^
^^^^^^^^^^^^^^^^^^^^^^^^^^^^~~~~~~~~~^^^^^^^^^^^^^^^^^^^^^^^^^^^^^^^^^^^^^^^^^^^^^^^^^^^^^^^^^^^^^^^^^^^^^^^^^^^^^^^^^^^^^^^^^^^^^^^^^^^^^^^^^^^^^^^^^^^^^^^^^^^^^^^^^^^^^^^^^^^^^^^^^^^^^^^^^^^^^^^^^^^^^^^^^^^^^^^^^^^^^^^^^^^^^^^^^^^^^^^^^^^
^^^^^^^^^^^^^^^^^^^^^^^^~~~~~~~~~~~~~~~^^^^^^^^^^^^^^^^^^^^^^^^^^^^^^^^^^^^^^^^^^^^^^^^^^^^^^^^^^^^^^^^^^^^^^^^^^^^^^^^^^''^^^^^^^^^^^^^^^^^^^^^^^^^^^^^^^^^^^^^^^^^^^^^^^^^^^^^^^^^^^^^^^^^^^^^^^^^^^^^^^^^^^^^^^^^^^^^^^^^^^^^^^^^^^^^^^^^^^^^
^^^^^^^^^^^^^^^^^^^^^^^^~~~~~~~~~~~~~~~^^^^^^^^^^^^^^^^^^^^^^^^^^^^^^^''''^^^^^^^^^^^^^^^^^^^^^^^^^^^^^^^^^^^^^^^^^^^^^'''''^^^^^^^^^^^^^^^^^^^^^^^^^^^^^^^^^^^^^^^^^^^^^^^^^^^^^^^^^^^^^^^^^^^^^^^^^^^^^^^^^^^^^^^^^^^^^^^^^^^^^^^^^^^^^^^^^^^^
^^^^^^^^^^^^^^^^^^^^^^~~~~~~~~~~~~~~~~~~~^^^^^^^^^^^^^^^^^^^^^^^^^^^''''''''^^^^^^^^^^^^^^^^^^^^^^^^^^^^^^^^^^^^^^^^^'''''''''^^^^^^^^^^^^^^^^^^^^^^^^^^^^^^^^^^^^^^^^^^^^^^^^^^^^^^^^^^^^^^^^^^^^^^^^^^^^^^^^^^^^^^^^^^^^^nn^^^^^^^^^^^^^^^^^^^
^^^^^^^^^^^^^^^^!!!!!!!!!!~~~~~~~~~~~~~~~~~~~~~~~~~^^^^^^~~~~~~~~''''''''''''''^^^^^^^^^^~~~~~~~~~~~~~~^^^^^^^^^^^'''''''''''''''^^^^^^^^^^^^^^^^^^^^^^^^^^^^^^^^^^^^^^^^^^^^^^^^^^^^^^^^^^^^^^^^^^^^^^^^^^^^^^^^^^^^^^^^^nnnnn^^^^^^^^^^^^^^^^^
^^^^^^^^^^^^^^^!!!!!!!!!!!!~~~~~~~~~~~~~~~~~~~~~~~~^^^^^^~~~~~~~''''''''''''''''^^^^^^^^^~~~~~~~~~~~~~~~^^^^^^^^^''''''''''''''''''^^^^^^^^^^^^^^^^^^^^^^^^^^^^^^^^^^^^^^^^^^^^^^^^^^^^^^^^^^^^^^^^^^^^^^^^^^^^^^^^^^^^^nnnnnnnnn^^^^^^^^^^^^^^^
^^^^^^^^^^^^^^^!!!!!!!!!!!~~~~~~~~~~~~~~~~~~~~~~~~~~^^^^~~~~~~~''''''''''''''''''^^^^^^^~~~~~~~~~~~~~~~~~^^^^^^''''''''''''''''''''''^^^^^^^^^^^^^^^^^^^^^^^^^^^^^^^^^^^^^^^^^^^^^^^^^^^^^^^^^^^^^^^^^^^^^^^^^^^^^^^^^^nnnnnnn'''^^^^^^^^^^^^^^^
^^^^^^^^^^^^^!!!!!!!!!!!!~~~~~~~~~~~~~~~~~~~~~~~~~~~~~~~~~~~~~~''''''''''''''''''^^^^^^~~~~~~~~~~~~~~~~~~^^^^^^''''''''''''''''''''''^^^^^^^^^^^^^^^^^^^^^^^^^^^^^^^^^^^^^^^^^^^^^^^^^^^^^^^^^^^^^^^^^^^^^^^^^^^^^^^^nnnnnn'''''''^^^^^^^^^^^^^^
^^^^^^^^^^^^!!!!!!!V!!!!!!~~~~~~~~~~~~~~~~~~''~~~~~~~~~~~~~~~~''''''''''''''''''''^^^^^~~~~~~~~~~~~~~~~^^^^^^^^^^''''''''''''''''''''^^^^^^^^^^~~~~^^^^^^^^^^^^^^^^^^^^^^^^^^^^^^^^^^^^^^^^^^|||^^^^^^^^^^^^^^^^^^^^^nnnn''''''''''^^^^^^^^^^^^^
^^^^^^^^^^^^^!!!!!'''!!!!!!~~~~~~~~~~~~~~~''''''~~~~~~~~~~~~~''''''''''''''''''''''^^^^^^~~~~~~~~~~~~~~^^^^^^^^^^^'''''''''''''''''''''^^^^^~~~~~~~~~~^^^^^^^^^^^^^^^^^^^~~~^^^^^^^^^^^^^^^||||||||^^^^^^^^^^^^^^^^^^nnn''''''''''^^^^^^^^^^^^^^
^^^^^^^^^^^^^^*************~~~~~~~~~~~~~''''''''''~~~~~~~~'''''''''''''''''''''''''''''''''~~~~~~~~~~~''''^^^^^''''''''''''''''''''''''~~~~~~~~~~~~~~~~~~~~~^^^^^^^^^^^~~~~~~~^^^^^^^^^^||||||||||||||^^^~~~~~~~~~~~nnnn'''''''''''^^^^^^^^^^^^^
^^^^^^^^^^^^^^^************~~~~~~~~~~~~''''''''''''~~~~~~''''''''''''''''''''''''''''''''''''~~~~~~''''''''^^^''''''''''''''''''''''''''~~~~~~~~~~~~~~~~~^^^^^^^^^^^^~~~~~~~~~~^^^^^||||||||||||||||||^^^~~~~~~~~~~~nnnn''''H'''''''^^^^^^^^^^^^
^^^^^^^^^^^^^^^************~~~~~~~~~~~~''''''''''''~~~~~~''''''''''''''''''''''''''''''''''''~~~~~~''''''''''''''''''''''''''''''''''''''~~~~~~~~~~~~~~~~~~^^^^^^^^^^~~~~~~~~~~~~^^^|||||||||||||||||||^^~~~~~~~~~~~~nnn''''''''''''^^^^^^^^^^^^
^^^^^^^^^^^^^^*************~~~~~~~~~~~~'''''''''''''~~~~'''''''''''''''''''''''''''''''''''''~~~~~~''''''''''''''''''''''''''''''''''''''~~~~~~~~~~~~~~~~~~^^^^^^^^^^~~~~~~~~~~~~^^||||||||||||||||||||||~~~~~~~~~~~~nnnnn'''''''''^^^^^^^^^^^^^
^^^^^^^^^^^^^****************~~~~~~~~~'''''''''''''''~~''''''''''''''''''''''''''''''''''''''~~~~~~'''''''''''''''''''''''''''''''''''''~~~~~~~~~~~~~~~~~~^^^^^^^^^^^~~~~~~~~~~~~|||||||||||||||||||||||||~~~~~~~~~~nnnnnnn'''''''^^^^^^^^^^^^^^
^^^^^^^^^^^^^^****************~~~~~~~''''''''''''''''~~''''''''''''''''''''''''''''''''''''''~~~~~~''''''''''''''''''''''''''''''''''''''~~~~~~~~~~~~~~~~~~~~^^^^^^~~~~~~~~~~~||||||||||||||||||||~~~||||~~~~~~~~~~nnnnnnnnnn'''^^^^^^^^^^^^^^^^
^^^^^^^^^^^^^^^''''''''''='''''''~~'''''''''''''''''''~~~'''''''''''''''''''''''''''''''''~~~~~~~~~''''''''''''''''''''''''''''''''''''''''''~~~~~~~~~~~~~~~~~~~~~~~~~~~~~~||||||||||||||||||||||~~~~~~~~~~~~~~~~~||||||||||||||^^^^^^^^^^^^^^^^
^^^^^^^^^^^^^^^^'''''''''=''''''''''''''''''''''''''''~~~''''''''''''''''''''''''''''''''~~~~~~~~~~''''''''''''''''''''''''''''''''''''''''''~~~~~~~~~~~~~~~~~~~~~~~~~~~~~~|||||||||||||||||||||~~~~~~~~~~~~~~~~||||||||||||||||||^^^^^^^^^^^^^^
^^^^^^^^^^^^^^^^^''''''''='''''''''''''''''''''''''''''~~''''''''''''''''''''''''''''''~~~~~~~~~~~'''''''''''''''''''''''''''''''''''''''''''~~~~~~~~~~~~~~~~~~~~~~~~~~~~~~~~|||||||||||||||||~~~~~~~~~~~~~~~~~||||||||||||||||||||^^^^^^^^^^^^^
^^^^^^^^^^^^^^^^'''''''''=''''''''''''''''''''''''''''~~'''''''''''''''''''''''''''''''~~~~~~~~~'''''''''''''''''''''''''''''''''''''''''''''~~~~~~~~~~~~~~~~~~~~~~~~~~~~~~~~~|||||||||||||||~~~~~~~~~~~~~~~~~~|||||||||||||||||||^^^^^^^^^^^^^^
^^^^^^^^^^^^^^^''''''''''='''''''''''''''''''''''''~~~~''''''''''''''''''''''''''''''''~~~~~~~~''''''''''''''''''''''''''''''''''''''''''''''~~~~~~~~~~~~~~~~~~~~~~~~~~~~~~~~~|||||||||||||||~~~~~~~~~~~~~~~~||||||||||||||||||^^^^^^^^^^^^^^^^^
^^^^^^^^^^^^^^^^'''''''''='''''''''''''''''''''''''~~''''''''''''''''''''''''''''''''''~~~~~~~'''''''''''''''''''''''''''''''''''''''''''''''~~~~~~~~~~~~~~~~~~~~~~~~~~~~~~~~~~~|||||||||||||~~~~~~~~~~~~~~~|||||||||||||||||^^^^^^^^^^^^^^^^^^^
^^^^^^^^^^^^^^^^^^^^^''''==''''nnnnn'''''''''''''''''''''''''''''''''''''''''''''''''''~~~~~~''''''''''''''''''''''''''''''''''''''''''''''''~~~~~~~~~~~~~~'''''''~~~~~~~~~~~~~~~~~~|||||||||***********|||||||||||||~~~~~~^^^^^^^^^^^^^^^^^^^^^
^^^^^^^^^^^^^^^^^^^^^'''''='''nnnnnnnnn''''''''''''''''''''''''''''''''''''''''''''''''~~~~~~''''''''''''''''''''''''''''''''''''''''''''''''~~~~~~~~~~~~'''''''''''~~~~~~~~~~~~~~~~~|||||||||*********||||||||||||~~~~~~~~^^^^^^^^^^^^^^^^^^^^^
^^^^^^^^^^^^^^^^^^^^''''''=''nnnnnnnnnn''''''''''''''''''''''''''''''''''''''''''''''''~~~~~~''''''''''''''''''''''''''''''''''''''''''''''''~~~~~~~~~~~~''''''''''''~~~~~~~~~~~~~~~~~|||||||||********|||||||||||~~~~~~~~~^^^^^^^^^^^^^^^^^^^^^
^^^^^^^^^^^^^^^^^^^'''''''='nnnnnnnnnnnn''''''''''''''''''''''''''''''''''''''''''''~~~~~~~~'''''''''''''''''''''''''''''''''''''''''''''''''~~~~~~~~~~~~''''''''''''~~~~~~~~~~~~~~~~~~||||||||*******||||||||||||~~~~~~~~~~~^^^^^^^^^^^^^^^^^^^
^^^^^^^^^^^^^^^^^^^^''''''=nnnnnnnnnnnnnnn''''''''''''''''''''''''''''''''''''''''''~~~~~~~''''''''''''''''''''''''''''''''''''''''''''''''''~~~~~~~~~~~''''''''''''~~~~~~~~~~~~~~~~~~||||||||********|||||||||||||~~~~~~~~~~~^^^^^^^^^^^^^^^^^^
^^^^^^^^^^^^^^^^^^^^''''''=nnnnnnnnnnnnnn'''''''''''''''''''''''''''''''''''''''''''~~~~~~'''''''''''''''''''''''''''''''''''''''''''''''''''~~~~~~~~~'''''''''''''''~~~~~~~~~~~~~~~|||||||||*******|||||||||||||||||~~~~~~~~~~~^^^^^^^^^^^^^^^^
^^^^^^^^^^^^^^^^^^^'''''''=nnnnnnnnnnnnnnn''''''''''''''''''''''''''''''''''''''~~~~~~~~~~~~~~''''''''''''''''''''''''''''''''''''''''''''~~~~~~~~~~~||||'''''''''''''''~~~~~~~~~||||||||||||~~~~~~~~~~~~~||||||||||||||~~~~~~~~~^^^^^^^^^^^^^^^
^^^^^^^^^^^^^^^^^^^^''''''=''nnnnnnnnnnn'''''''''''''''''''''''''''''''''''''''~~~~~~~~~~~~~~~~~'''''''''''''''''''''''''''''''''''''''''~~~~~~~~~~||||||'''''''''''''''''~~~~~''||||||||||||~~~~~~~~~~~~~~~~|||||||||||~~~~~~~~~~~^^^^^^^^^^^^^
^^^^^^^^^^^^^^^^^^^'''''''='''nnnnnnnnn''''''''''''''''''''''''''''''''''''''~~~~~~~~~~~~~~~~~~~~~~''''''''''''''''''''''''''''''''''''~~~~~~~~~~~|||||||''''''''''''''''''''''''||||||||||||~~~~~~~~~~~~~~~~~~||||||||~~~~~~~~~~~~^^^^^^^^^^^^^
^^^^^^^^^^^^^^^^^^''''''''='''nnnnnnnnnn'''''''''''''''''''''''''''''''''''~~~~~~~~~~~~~~~~~~~~~~~~~~~'''''''''''''''''''''''''''''''''~~~~~~~~~~||||||||''''''''''''''''''''''''''||||||||||~~~~~~~~~~~~~~~~~~||||||||~~~~~~~~~~~^^^^^^^^^^^^^^
^^^^^^^^^^^^^^^^^^^'''''''=''''nnnnnnnn'''''''''''''''''''''''''''''''''''~~~~~~~~~~~~~~~~~~~~~~~~~~~~'''''''''''''''''''''''''''''''''~~~~~~~~~~~|||||||||'''''''''''''''''''''''''|||||||''~~~~~~~~~~~~~~~~~~~||||||~~~~~~~~~~~~^^^^^^^^^^^^^^
^^^^^^^^^^^^^^^^^^^^'''''=='''''''nn''''''''''''''''''''''''''''''''''''~~~~~~~~~~~~~~~~~~~~~~~~~~~~~~~~'''''''''''''''''''''''''''''''''~~~~~~~~~~||||||||||'''''''''''''''''''''''''||||'''~~~~~~~~~~~~~~~~~~~~||||~~~~~~~~~~~~^^^^^^^^^^^^^^^
^^^^^^^^^^^^^^^^^''''''''=*******''''''''''''''***'''''''''''''''''''''~~~~~~~~~~~~~~~~~~~~~~~~~~~~~~~~~~~:::::'''**'''''''''''''''::::::::~~******||||||||||||||''''''''''''''''''''''''''''~~~~~~~~||~~~~~~~~~~~||~~~~~~~~~~~~~~~^^^^^^^^^^^^^
^^^^^^^^^^^^^^^^'''''''**=*********''''''''''******''''''''''''''''''~~~~~~~~~~~~~~~~~~~~~~~~~~~~~~~~~~~~~~~:::'''**'''''''''''''::::::::::::****||||||||||||||||||''''''''''''''''''''''''''~~~~~~~~||~~~~~~~~~~~~~~~~~~~~~~~~~~~~~^^^^^^^^^^^^
^^^^^^^^^^^^^^^'''''''***=*********''''''''''*****'''''''''''''''''''~~~~~~~~~~~~~~~~'~~~~~~~~~~~~~~~~~~~~~~:::''''**''''''''''''::::::::::::*****|||||||||||||||||'''''''''''''''''''''''''''~~~~~~||||~~~~~~~~~~~~~~~~~~~~~~~~~^^^^^^^^^^^^^^^
^^^^^^^^^^^^^^^^'''''''**=*********''''''''''*****'''''''''''''''''~~~~~~~~~~~~~~~~~'''~~~~~~~~~~~~~~~~~~~:::::::''''''''''''''''::::::::::::******||||||||||||||||||''''''''''''''''''''''''''~~~~~||||~~~~~~~~~~~~~~~~~~~~~~~^^^^^^^^^^^^^^^^^
^^^^^^^^^^^^^^^^^^''''''*=*******'''''''''''''*****''''''''''''''''~~~~~~~~~~~~~~~'''''''~~~~~~~~~~~~~~~~:::::::::'''''''''''''''::::::::::*******|||||||||||||||||||''''''''''''''''''''''''''~~~~||||||~~~~~~~~~~~~~~~~~~~~~^^^^^^^^^^^^^^^^^^
^^^^^^^^^^^^^^^^^''''''''='''***'''''''''''''''**'''''''''''''''''~~~~~~~~~~~~~~~''''''''~~~~~~~~~~~~~~~~~:::::::''''''''''''''''''::::::::::******|||||||||||||||||||'''''''''''''''''''''''''~~~~|||||||~~~~~~~~~~~~~~~~~~~^^^^^^^^^^^^^^^^^^^
^^^^^^^^^^^^^^^^^^^^^''''='''''''''''''''''''''''''''''''''''''~~~~~~~~~~~~~~~~~~'''''''''~~~~~~~~~~~~~~~~~::::::''''''''''''''''''''''''nn''::::::::::||||||||||||||||~~''''~''''''''''''''''~~~~~||||||||~~~~~~~~~~~~~~~~~~~^^^^^^^^^^^^^^^^^^
^^^^^^^^^^^^^^^^^^^^^''''==''''''''''''''''''''''''''''''''''''~~~~~~~~~~~~~~~~~'''''H'''''~~~~~~~~~~~~~~~~~::::'''''''''''''''''''''''nnnnnn::::::::::::||||||||||||||~~~'''~~~'''''''''''''~~~~~||||||||||~~~~~~~~~~~~~~~~~~^^^^^^^^^^^^^^^^^^
^^^^^^^^^^^^^^^^^^^^'''''=='''''''''''''''''''''''''''''''''''~~~~~~~~~~~~~~~~~~~'''''''''~~~~~~~~~~~~~~~~~~::::::'''''''''''''''''''''nnnnnn::::::::::::|||||||||||||~~~~~~~~~~~''''''''''''~~~~~|||||||||~~~~~~~~~~~~~~~~~~~~^^^^^^^^^^^^^^^^^
^^^^^^^^^^^^^^^^^^^^''''''=='''''''''''''''''''''''''''''''''~~~~~~~~~~~~~~~~~~~~'''''''''~~~~~~~~~~~~~~~~~::::::''''''''''''''''''''''nnnnnn::::::::::::|||||||||||||~~~~~~~~~~~''''''''''''~~~~~~|||||||~~~~~~~~~~~~~~~~~~~~~~~^^^^^^^^^^^^^^^
^^^^^^^^^^^^^^^^^^^''''''''=='''''''''''''''''''''''''''''''''~~~~~~~~~~~~~~~~~~~~'''''''~~~~~~~~~~~~~~~~~::::::::'''''''''''''''''''''nnnnnn::::::::::::||||||||||||~~~~~~~~~~~~''''''''''''''~~~~||||||~~~~~~~~~~~~~~~~~~~~~~^^^^^^^^^^^^^^^^^
^^^^^^^^^^^^^^^^^^^'''''''''==''''''''''''''||||||'''''''''''''~~~~~~~~~~~~~~~~~~~~'''''~~~~~~~~~~~~~~~~~~~:::::::'''''''''''''''''''''''nnn':::::::::::|||||||||||||~~~~~~~~~~~~~'''''''''''''''~~~|||||~~~~~~~~~~~~~~~~~~~~^^^^^^^^^^^^^^^^^^^
^^^^^^^^^^^^^^^^^^^^'''''''''==''''''''''|||||||||||''''''''''''~~~~~~~~~~~~~~~~~~~~~'~~~~~~~~~~~~~~~~~~~~~~~:::::::'''''''''''''''''''''''''::::::::::::''''||||||''''''~~~~~~~~~'''''''''::::::::::::::~~~~~~~~~~~~~~~~~~~^^^^^^^^^^^^^^^^^^^^
^^^^^^^^^^^^^^^^^^^^^'''''''''=='''''''|||||||||||||||''''''''''''~~~~~~~~~~~~~~~~~~~~~~~~~~~~~~~~~~~~~~~~~~~~~::::::''''''''''''''''''''''''::::::::::::::''''|||''''''''~~~~~~~''''''::::::::::::::::::~~~~~~~~~~~~~~~~~^^^^^^^^^^^^^^^^^^^^^^
^^^^^^^^^^^^^^^^^^^^'''''''''''==''''''||||||||||||||||'''''''''''~~~~~~~~~~~~~~~~~~~~~~~~~~~~~~~~~~~~~~~~~~~~~::::::''''''''''''''''''''''''''::::::::::::''''''''''''''''~~~~~~''''::::::::::::::::::::~~~~~~~~~~~~~~~~^^^^^^^^^^^^^^^^^^^^^^^
^^^^^^^^^^^^^^^^^^^^''''''''''''=='''''|||||||||||||||||'''''''''''~~~~~~~~~~~~~~~~~~~~~~~~~~~~~~~~~~~~~~~~~~::::::'''''''''''''''''''''''''''''':::::::::'''''''''''''''''~~~~~~''''::::::::::::::::::::~~~~~~~~~~~~~~~^^^^^^^^^^^^^^^^^^^^^^^^
^^^^^^^^^^^^^^^^^^^''''''''''''''===''''''||||||||||||'''''''''''''''~~~~~~~~~~~~~~~~~~~~~~~~~~~~~~~~~~~~~~~:::::::'''''''''''''''''''''''''''''''':::::::''''''''''''''''~~~~~~~~'''':::::::::::::::::::~~~~~~~~~~~~~~~~^^^^^^^^^^^^^^^^^^^^^^^
^^^^^^^^^^^^^^^^^^^^''''''''''''''===?''''''|||||||||'''''''''''''''''~~~~~~~~~~~~~~~~~~~~~~~~~~~~~~~~~~~~~~~::::::''''''''''''''''''''''''''''''''':::::'''''''''''''''~~~~~~~~~~~~'''::::::::::::::::::~~~~~~~~~~~~~~~~~^^^^^^^^^^^^^^^^^^^^^^
^^^^^^^^^^^^^^^^^^^^^''''~~~~~~~~~~~-~~~~~~~~~~~~~||||'''''''''''''''''~~~~~~~~~~~~~~~~~~~~~~~~~~~~~~~~~~~'''''::::::''''''''''''''''''''''''''''''''''''''''''''''~~~~~~~~~~~~~~~~~~~~:::::::::::::::~~~~~~~~^^^^~~~~~~^^^^^^^^^^^^^^^^^^^^^^^^
^^^^^^^^^^^^^^^^^^^^^~~~~~~~~~~~~~~~-~~~~~~~~~~~~~~~~~''''''''''''''''''~~~~~~~~~~~~~~~~~~~~~~~~~~~~~~~~~'''''':::::''''''''''''''''''''''''''''''''''''''''''''~~~~~~~~~~~~~~~~~~~~~~~~:::::::::::::~~~~~~~~^^^^^^^~~~^^^^^^^^^^^^^^^^^^^^^^^^^
^^^^^^^^^^^^^^^^^^^^^~~~~||||||||~~~-~~~|||||||||~~~~~''''''''''''''''''''~~~~~~~~~~~~~~~~~~~~~~~~~~~~~~'''''''::::'''''''''''''''''''''''''''''''''''''''''''~~~~~~~~~~~''~~~~~~~~~~~~~~:::::::::::~~~~~~~~~~~^^^^^^^^^^^^^^^^^^^^^^^^^^^^^^^^^
^^^^^^^^^^^^^^^^^^^^^|||||||||||||||=||||||||||||||~~~~~'''''''''''''''''''''~~~~~~~~~~~~~~~~~~~~~~~~~''''''''':::::'''''''''''''''''''''''''''''''''''''''~~~~~~~~~~~~''''''~~~~~~~~~~~~::::::::::~~~~~~~~~~^^^^^^^^^^^^^^^^^^^^^^^^^^^^^^^^^^^
^^^^^^^^^^^^^^^^^^^^||||||||||||||||=||||||||||||||~~~~~~''''''''''''''''''''''~~~~~~~~~~~~~~~~~~~~~~''''''''''::::::''''''''''''''''''''''''''''''''''''~~~~~~~~~~~~'''''''''''~~~~~~~~~::::::::~~~~~~~~~~~^^^^^^^^^^^^^^^^^^^^^^^^^^^^^^^^^^^^
^^^^^^^^^^^^^^^^^^^|||||||||||||||||=|||||||||||||||~~~~'''''''''''''''''''''''''~~~~~~~~~~~~~~~~~~''''''''''''::::::''''||'''''''''''''''''''''''''''''~~~~~~~~~~'''''''''''''''''~~~~~~~~:::::~~~~~~~~~~^^^^^^^^^^^^^^^^^^^^^^^^^^^^^^^^^^^^^^
^^^^^^^^^^^^^^^|||||||||||||||||||||=|||||||||||||||~~~''''''''''''''''''''''''''''nnn~~~~~~~~~nnn'|||||||||'''''''''''||||''''''''''''''''''''''''''~~~~~~~~~~!!!!!!!!!!!!!!!!!!''''''~~~~~~::~~~~^^^^^^^^^^^^^^^^^^^^^^^^^^^^^^^^^^^^^^^^^^^^^
^^^^^^^^^^^^^^||||||||||||||||||||||=|||||||||||||||~~~~'''''''''''''''''''''''''nnnnnn~~~~~~nnnnnn|||||||||||'''''''||||||||''''''''''''''''''''~~~~~~~~~~~~~~!!!!!!!!!!!!!!!!!!''''''''~~~~~~~~~^^^^^^^^^^^^^^^^^^^^^^^^^^^^^^^^^^^^^^^^^^^^^^
^^^^^^^^^^^^^^||||||||||||||||||||||=||||||||||||||~~~~~~'''''''''''''''''''''''nnnnnnnnn~~~nnnnnnnn|||||||||||''''''||||||||''''''''''''''''''~~~~~~~~~~~~~~~'!!!!!!!!!!!!!!!!!!''''''''''~~~~~~^^^^^^^^^^^^^^^^^^^^^^^^^^^^^^^^^^^^^^^^^^^^^^^
^^^^^^^^^^^^^^^|||||||||||||||||||||=|||||||||||||||||~~~~~'''''''''''''''''''''nnnnnnnnnn'''nnnnnnn|||||||||||''''''|||||||''''''''''''''''''~~~~~~~~~~~~~~~''!!!!!!!!!!!!!!!!!!'''''''''~~~~~~^^^^^^^^^^^^^^^^^^^^^^^^^^^^^^^^^^^^^^^^^^^^^^^^
^^^^^^^^^^^^^^^|||||||||||||||||||||=||||||||||||||||||~~~~~'''''''''''''''''''''nnnnnnn''''nnnnnnn||||||||||||''''''||||||''''''''''''''''''~~~~~~~~~~~~~~''''!!!!!!!!!!!!!!!!!!'''''''''~~~~~^^^^^^^^^^^^^^^^^^^^^^^^^^^^^^^^^^^^^^^^^^^^^^^^^
^^^^^^^^^^^^^^||||||||||||||||||||||=|||||||||||||||||~~~~~~~''''''''''''''''''''''nnn'''''''nnnn''||||||||||||||''||||||||''''''''''''''''''~~~~~~~~~~~'''''''!!!!!!!!!!!!!!!!!!''''''~~~~~~~~~^^^^^^^^^^^^^^^^^^^^^^^^^^^^^^^^^^^^^^^^^^^^^^^^
^^^^^^^^^^^^^^||||||||||||||||||||||=||||||||||||||||||||~~~~~''''MM''''''''MMM''''''''''MMMMMM'''MM|||||||||||||||||||||||''''''''''''''''~~~~~~~~~''''''''''''''''''''''''''''''''~~~~~~~~~~^^^^^^^^^^^^^^^^^^^^^^^^^^^^^MMM^^^^^^^^^^^^^^^^^^
^^^^^^^^^^^^^^^|||||||||||||||||||||=|||||||||||||||||||||~~~~~''MMMMM''''MMMMMMM'''''''MMMMMMMMMMMMM|||||||||||||||||||||''''''''''''''''~~~~~~~~~''''''''''''''''''#######[#######~~~~~~~~~^^^^^^^^^^^^^^^^^^^^^^^^^^^^MMMMMM^^^^^^^^^^^^^^^^^
^^^^^^^^^^^^^^^|||||||||||||||||||||=||||||||||||||||||||~~~~~~'MMMMMMMMMMMMMMMMMMMMMMMMMMMMMMMMMMMMMM||||||||||||||||||||''''''''''''''~~~~~~~~~~'''''''''''''''''''#''''''''''''':~~~~~~~~~^^^^^^^^^^^^^^^^^^^^^^^^^^MMMMMMMMM^^^^^^^^^^^^^^^^
^^^^^^^^^^^^^^||||||||||||||||||||||=|||||||||||||||||||||||~~~~MMMMMMMMMMMMMMMMMMMMMMMMMMMMMMMMMMMMMMM||||||||||||||||||||''''''''''''~~~~~~~~~~''''''''''''''''''''#''''''''''''::~~~~~~~~~^^^^^^^^^^^^^^^^^^^^^^^^^^^MMMMMMMMM^^^^^^^^^^^^^^^
^^^^^^^^^^^^^^||||||||||||||||||||||=||||||||||||||||||||||||~~~~MMMMMMMMMMMMMMMMMMMMMMMMMMMMMMMMMMMMMMMM|||||||||||||||||''':::'''''''~~~~~~~~~'''''''''''''''''''''#''''''''''''':~~~~~~~~~~~^^^^^^^^^^^^^^^^^^^^^^^^^^MMMMMMMM^^^^^^^^^^^^^^^
^^^^^^^^^^^^^^||||||||||||||||||||||=||||||||||||||||||||||||~~~MMMMMMMMMMMMMMMMMMMMMMMMMMMMMMMMMMMMMMMMM||||||||||||||||''::::::''''''~~~~~~~'''''''''''''''''''''''#''''''''''':::~~~~~~~~~~~^^^^^^^^^^^^^^^^^^^^^^^^^MMMMMMMM^^^^^^^^^^^^^^^^
^^^^^^^^^^^^^^^|||||||||||||||||||||=|||||||||||||||||||||||~~~MMMMMMMMMM~~~~MMMMMMMMMMMMMM~~~~~~MMMMMMMMM|||||||||||||::::::::::::~~~~~~~~~~'''''''''''''''''''''===#==============~~~~~~~~~~~~~~~^^^^^^^^^^^^^^^^^^^^MMMMMMM^^^^^^^^^^^^^^^^^^
^^^^^^^^^^^^^|||||||||||||||||||||||=|||||||||||||||||||||||~~~MMMMMMMMM~~~~~~MMMMMMMMMMMM~~~~~~~~MMMMMMMMMM||||||||||::::::::::::~~~~~~~~~~~''''''''''''''''''======[======V=======~~~~~~~~~~~~~~~~~^^^^^^^^^^^^^^^^MMMMMMMMMM^^^^^^^^^^^^^^^^^
^^^^^^^^^^^^^^||||||||||||||||||||||=||||||||||||||||||||||||~~~~MMMMMM~~~~~~~~MMMMMMMMMM~~~~~~~~~~MMMMMMMMM|||||||||::::::::::::~~~~~~~~~~~~''''''''''''''''''======#==============~~~~~~~~~~~~~~~~~~^^^^^^^^^^^^^^MMMMMMMMMM'''^^^^^^^^^^^^^^^
^^^^^^^^^^^^^|||||||||||||||||||||||==||||||||||||||||||||||~~~~~MMMMM~~~~~~~~~~~~~~MMM~~~~~~~M~~~~MMMMMMMMMM||||||||::::::::::::~~~~~~~~~~~~'''''''''''''''======'''#''''''''''':::~~~~~~~~~~~~~~~~~~~~~~~^^^^^^^^MMMMMMMMMMMn'''^^^^^^^^^^^^^^
^^^^^^^^^^^^^^||||||||||||||||||||||===|||||||||||||||||||||~~~~MMMMM~~~~~~~~~~~~~~~MMM~~~~~~MMM~~~~MMMMMMMMMMM||||||||::::::::::~~~~~~~~~~~''''''''''''''''===='''''#''''''''''''::~~~~~~~~~~~~~~~~~~~~~~~~~~^^^~~MMMMMMMMMMM''''^^^^^^^^^^^^^^
^^^^^^^^^^^^^^||||||||||||||||||||||===|||||||||||||||||||||~~~MMMMMM~~~~~~~~~~~~~~~~M~~~~~~MMMM~~~~~MMMMMMMMMM|||||||||::::::::::~~~~~~~~~'''''''''''''''''===='''''#''''''''''''::~~~~~~~~~~~~~~~~~~~~~~~~~~~~~~~~MMMMMMMMMM|||''^^^^^^^^^^^^^
^^^^^^^^^^^^^||||||||'''|||||||||||===|||||||||||||||||||''''~~MMMMMM~~~~~~~MMMM~~~~~~~~~~~MMMMM~~~~~~~MMMMMMMM''|||||'''':::::'''''***'''''''''''''''''''=====''''''#''''''''''':::~~~~~~~~~~~~~~~~~~^^^^^~~~~~~^^^^MMMMMMMM||||'^^^^^^^^^^^^^^
^^^^^^^^^^^^^^|||||||'Y'||||||||||===||||||||||||||||||||'''''WMMMMMM~~~~~~MMMMMM~~~~~~~~~MMMMMM~~~~~~~~MMMMMMM'''|||'''''''::''''''***''''''''''''''''''======''''''#''''''''''''::~~~~~~~~~~~~~~~~^^^^^^^^~~~^^^^^^MMMMMMMM||||'^^^^^^^^^^^^^^
^^^^^^^^^^^^^||||||||'''|||||||||||===|||||||||||||||||||'''''~MMMMMM~~~~~~MMMMMMM~~~~~~~MMMMMMMMM~~~~~~~MMMMMMM''''''''''''''''''''***''''''''''''''''''====='''''''###############~~~~~~~~~~~~~~~^^^^^^^^^^^^^^^^^MMMMMMMMMM||'^^^^^^^^^^^^^^^
^^^^^^^^^^^^^^||||||||||||||||||||||===||||||||||||||||******~~MMMMMM~~~~MMMMMMMMMMMMMMMMMMMMMMMMMM~~~~~~MMMMMMM'''''''''''''''''************''''''''''''==='''''''''''''''''''''''''''~~~~~~~~~~~^^^^^^^^^^^^^^^^^^^MMMMMMM'''''^^^^^^^^^^^^^^^
^^^^^^^^^^^^^^^|||||||||||||||||||||==||||||||||||||||******~~~MMMMMM~~~MMMMMMMMMMMMMMMMMMMMMMMMMMMM~~~~~MMMMMMM'''''''''''''''''************''''''''''''===''''''''''''''''''''''''''''~~~~~~~~~^^^^^^^^^^^^^^^^^^^^^MMMMM''''^^^^^^^^^^^^^^^^^
^^^^^^^^^^^^^^||||||||||||||||||||||=|||||||||||||||||******~~~MMMMM~~~~MMMMMMMMMMMMMMMMMMMMMMMMMMM~~~~~~MMMMMM'''''''|||||||''''************''''''''''''==='''''''''''''''''''''''''''~~~~~~~~~^^^^^^^^^^^^^^^^^^^^^^^^MMM''^^^^^^^^^^^^^^^^^^^
^^^^^^^^^^^^^|||||||||||||||||||||||=|||||||||||||||||****~~~~~~~~~~~~~~MMMMMMMMMMMMMMM'''MMMMMMMM~~~~~MMMMMMMM''''||||||||||||''''''''***'''''''''''''''==='''''''''''''''''''''''''~~~~~~~~~~~~~~^^^^^^^^^^^^^^^^^^^^^^M^^^^^^^^^^^^^^^^^^^^^^
^^^^^^^^^^^^^|||||||||||||||||||||||=|||||||||||||||||***~~~~~~MMMMMMMMMMMMMMMMMMMMM''''''''MMMMM~~~~~MMMMMMMMM|||||||||||||||||||||'''***'''''''''''''''===''''''''''''''''''''''''~~~~~~~~~~~~~~~~~^^^^^^^^^^^^^^^^^^^^^^^^^^^^^^^^^^^^^^^^^^^
^^^^^^^^^^^^^^||||||||||||||||||||||=|||||||||||||||||*~~~~~~~MMMMMMMMMMMMMMMMMMMMMM'''''''''~~~~~~~MMMMMMMMMMM||||||||||||||||||||||''***'''''''''''''''==='''''''''''''''''''''''~~~~~~~~~~~~~~~~~^^^^^^^^^^^^^^^^^^^^^^^^^^^^^^^^^^^^^^^^^^^^
^^^^^^^^^^^^^^^|||||||||||||||||||||=||||||||||||||||||~~~~~MMMMMMMMMMMMMMMMMMMMMMM''''''''''MMMMMMMMMMMMMMMM|||||||||||||||||||||||||'******''''''''''====='''''''''''''''''''''~~~~~~~~~~~~~~~~~~^^^^^^^^^^^^^^^^^^^^^^^||^^^^^^^^^^^^^^^^^^^^
^^^^^^^^^^^^^^||||||||||||||||||||||=||||||||||||||||||~~~~~MMMMMMMMMMMMMMMMMMMMMM''''''V'''''MMMMMMMMMMMMM|||||||||||||||||||||||||||||*****'''''''''======'''''''''''''''''''''~~~~~~~~~~~~~~~~~^^^^^^^^^^^^^^^^^^^^^^^||||^^^^^^^^^^^^^^^^^^^
^^^^^^^^^^^^^^^|||||||||||||||||||||=|||||||||||||||||||~~~~MMMMMMMMMMMMMMMMMMMMMMM'''''''''''MMMMMMMMMMM||||||||||||||||||||||||||||||||****'''''''''=====''''''''''''''''''''''''''~~~~~~~~~~~~^^^^^^^^^^^^^^^^^^^^^^||||||||^^^^^^^^^^^^^^^^^
^^^^^^^^^^^^^^^^^|||||||||||||||||||=|||||||||||||||||||~~~~'''''''MMMMMMMMMMMMMMMMM''''''''MMMMMM'||||||||||||||||||||||||||||||||||||||||||******'''===''''''''''''''''''''''''''''''''~~~~~~~^^^^^^^^^^^^^^^^^^^^^||||||||||||^^^^^^^^^^^^^^^
^^^^^^^^^^^^^^^^^^||||||||||||||||||==|||||||||||||||||~~~~~'''''''''MMMMMMMMMMMMMMMMMM''''MMMMMM''||||||||||||||||||||||||||||||||||||||||||******'''===''''''''''''''''''''''''''''''''''~~~~^^^^^^^^^^^^^^^^^^^^^|||||||||||||||^^^^^^^^^^^^^
^^^^^^^^^^^^^^^^^^||||~~~~~~~~~~||||==||||~~~~~~~~~~|||~~~~~''''''''''''MMMMMMMMMMMMMMMMM'MMMMMM'''||||||||||||||||||||||||||||||||||||||||||||****'''===''''||''''''''''''''''''''''''''''''~~^^^^^^^^^^^^^^^^^^^^|||||||||||||||^^^^^^^^^^^^^^
^^^^^^^^^^^^^^^^^^~~~~~~~~~~~~~~~~~~--~~~~~~~~~~~~~~~~~~~~~~''''''''''''''''MMMMMMMMMMMMMMMMMMMM'''||||||||||||||||||||||||||||||||||||||||||||****'====='''||||'''''''''''''''''''''''''''''^^^^^^^^^^^^^^^^^^^^^^^^||||||||||||||^^^^^^^^^^^^^
^^^^^^^^^^^^^^^^^^^~~~~~~~~~~~~~~~~~--~~~~~~~~~~~~~~~~~~~~~~'''''''''''''''''''MMMMMMMMMMMMMMMMM'''|||||||||||||||||||||||||||||||||||||||||||||***======'|||||||''''''''''''''''''''''''^^^^^^^^^^^^^^^^^^^^^^^^^^^|||||||||||||||||^^^^^^^^^^^
^^^^^^^^^^^^^^^^^^~~~~''''''''''~~~~--~~~~'''''''''''''~~~~~'''''''''''''''''''''MMMMMMMMMMMMMM''''||||||||||||||||||||||||||||||||||||||||||||||**====||||||||||||''''''''''''''''''''^^^^^^^^^^^^^^^^^^^^^^^^^^^^|||||||||||||||||^^^^^^^^^^^^
^^^^^^^^^^^^^^^^^^''''''''''''''''''==?''''''''''''''''''~~~~~'''''''''''''''''''''''''MMMMM*||||||||||||||||||||||||||||||||||||||||||||||||||||||===|||||||||||||||''''''''''''''''''~~~^^^^^^^^^^^^^^^^^^^^^^^^|||||||||||||||||^^^^^^^^^^^^^
^^^^^^^^^^^^^^^^^^''''''''''''''''''=='''''''''''''''''''~~~~~~''''''''''''''''''''''''*MM***||||||||||||||||||||||||||||||||||||||||||||||||||||||===||||||||||||||||'''''''''''''''''~~~~~~^^^^^^^^^^^^^^^^^^|||||||||||||||||||^^^^^^^^^^^^^^
^^^^^^^^^^^^^^^^^^^'''''''''''''''''==''''''''''''''''''''~~~~~''''''''''''''''''''''''*****|||||||||||||||||||||||||||||||||||||||||||||||||||||||===|||||||||||||||||'''''''''''''''~~~~~~~~~~~^^^^^^^^^^^^^||||||||||||||||||||||^^^^^^^^^^^^
^^^^^^^^^^^^^^^^^^^'''''''''''''''''=='''''''''''''''''''''~~~~''''''''''''''''''''''''*****|||||||||||||||||||||||||'Q'|||||||||||||||||||||||||||===|||||||||||||||||''''''''''''''~~~~~~~~~~~^^^^^^^^^^^^^||||||||||||||||||||||||^^^^^^^^^^^
^^^^^^^^^^^^^^^^^^^^''''''''''''''''==''''''''''''''''''''~~~~~''''''''''''''''''''''''****||||||||||||||||||||||||Q'''''Q|||||||||||||||||||||||||===|||||||||||||||||'''''''''''''''~~~~~~~~~^^^^^^^^^^^^^||||||||||||||||||||||||^^^^^^^^^^^^
^^^^^^^^^^^^^^^^^^''''''''''''''''''=='''''''''''''''''''~~~~~~''''''''''''''''''''''''***|||||||||||||||||||||||||'''''''|||||||||||||||||||||||||===|||||||||||||||'''''''''''''''''~~~~~~~~~~^^^^^^^^^^^||||||||||''||||||||||||^^^^^^^^^^^^^
^^^^^^^^^^^^^^^^''''''''''''''''''''==''''''''''''''''''~~~~~''''**''''''''''''''''''''''''|||||||||||||||||||||||'''''''''||||||||||||||||||||||||===||||||||||''''''''''''''''''''''''~~~~~^^^^^^^^^^^^^^|||||||||''''||||||||||^^^^^^^^^^^^^^
^^^^^^^^^^^^^^^'''''''''''''''''''''==''''''''''''''''~~~~~~'''******'''''''''''''''''''''||||||||||||||||||||||||Q'''='''Q||||||||||||||||||||||||===||||||||''''''''''''''''''''''''~~~~~~~^^^^^^^^^^^|||||||||||'''''''|||||||^^^^^^^^^^^^^^^
^^^^^^^^^^^^^^^'''''''''''''''''''''=='''''''''''''''~~~~~'''''*****'''''''''''''''''''''''|||||||||||||||||||||||'''''''''||||||||||||||||||||||||===||||||'''''''''''''''''''''''''~~~~~~^^^^^^^^^^^||||||||||||'''''''''|||||||^^^^^^^^^^^^^^
^^^^^^^^^^^^^^^^^''''''''''''''''''''''''''''''''''~~~~~~'''''''****'''''''''''''''''''''''''||||||||||||||||||||||'''''''|||||||||||||||||||||||||===|||||''''''''''''''''''''''''''~~~~~~^^^^^^^^^^|||||||||||'''''''''''''|||||||^^^^^^^^^^^^
^^^^^^^^^^^^^^^^^^'''''''''''''''''''''''''''''''''~~~~~~'''''''*****''''''''''''''''''''''||||||||||||||||||||||||Q'''''Q|||||||||||||||||||||||||===|||'''''''''''''''''''''''''''~~~~~~^^^^^^^^^^^|||||||||||''''''V''''''||||||||^^^^^^^^^^^
^^^^^^^^^^^^^^^^^'''''''''''''''''''''''''''''''''''~~~~~~'''''''**'''''''''''''''''''''''''|||||||||||||||||||||||||'Q'|||||||||||||||||||||||||||===|||||'''''''''''''''''''''''''~~~~~~~~^^^^^^^^^^|||||||||||'''''''''''|||||||||^^^^^^^^^^^
^^^^^^^^^^^^^^^^''''''''''''''''''''''''''''''''''''~~~~~~~'''''''''''''''''''''''''''''nnn|||||||||||||||||||||||||||||||||||||||||||||||||||||||=====|||||'''''***''''''''''''''''''~~~~~~^^^^^^^^^^||||||||||||'''''''''|||||||||^^^^^^^^^^^^
^^^^^^^^^^^^^^^'''''''''''''''''''''''''''''''''''''''~~~~~~'''''''''''~~~''''''''''''''nnnnn||||||||||||||||||||||||||||||||||||||||||||||||||||||======||'''''''***''''''''''''''''''''~~~~^^^^^^^^|||||||||||||||'''''||||||||||^^^^^^^^^^^^^
^^^^^^^^^^^^^^^'''''''''''''''''''''''''''''''''''''''~~~~~~'''''''''~~~~~~''''''''''''nnnnnnn||||||||||||||||||||||||||||||||||||||||||||||||||||||====='''''''''***''''''''''''''''''''~~~~~^^^^^^^^|||||||||||||||'''||||||||||^^^^^^^^^^^^^^
^^^^^^^^^^^^^^^^^'''''''''''''''''''''''''''''''''''''''~~~~~~~~~~~~~~~~~~~~~~~''''''''nnnnnnn||||||||||||||||||||||||||||||||||||||||||||||||||||||||====='''''''''''''''''''''''''''''~~~~~~~^^^^^^|||||||||||||||||'||||||||||||^^^^^^^^^^^^^
^^^^^^^^^^^^^^^^^^'''''''''''''''''''''''''''''''''''''''~~~~~~~~~~~~~~~~~~~~~~~~'''''''nnnnn|||||||||||||||||||||||||||||||||||||||||||||||||||||||||======'''''''''''''''''''''''''''''~~~~~^^^^^^^^||||||||||||||||||||||||||||||^^^^^^^^^^^^
^^^^^^^^^^^^^^^^^^''''''''''''''''''''''''''''''''''''''''~~~~~~~~~~~~~~~~~~~~~~~~~''''''nnn||||||||||||||||||||||||||||||||||||||||||||||||||||||||'''====='''''''''''''''''''''''''''~~~~~~~^^^^^^^^^||||||||||||||||||||||||||||^^^^^^^^^^^^^
^^^^^^^^^^^^^^^^^^^^''''''''''''''''''''''''''''''''''''''''||||||||MMMM~~~~~~~~~~~~~~~~~~~~~~~~||||||||||||||||||||||||||||||||||||||||||||||||||'''''''====='''''''''''''''''''~~'''~~~~~~~~~^^^^^^^^^^^^|||||||||||||||||||||||^^^^^^^^^^^^^^
^^^^^^^^^^^^^^^^^^^^^''''''''''''''''''''''''''''''''''''|||||||||MMMMMMMMM~~~~~~~~~~~~~~~~~~~~~~|||||||||||||||||||||||||||||||||||||||||||||||'''''''''======''''''''''''''''~~~~~'~~~~~~~~~~~^^^^^^^^^^^^^||||||||||||||||||||^^^^^^^^^^^^^^^
^^^^^^^^^^^^^^^^^^^^'''''''''''''''''''''''''''''''''''''|||||||||MMMMMMMMM~~~~~~~~~~~~~~~~~~~~~~~~|||||||||||||||||||||||||||||||||||||||||||''''''''''''====='''''''''''''''~~~~~~~~~~~~~~~~~~~^^^^^^^^^^^^^|||||||||||||||||^^^^^^^^^^^^^^^^^
^^^^^^^^^^^^^^^^^^^^''''''''''''''''''''''''''''''''''||||||||||MMMMMMMMMMMMMM~~~~~~~~~~~~~~~~~~~~~~||||||||||||||||||||||||||||||||||||||||''''''''''''''''===''''''''''''''~~~~~~~~~~~~~~~~~~~~~~^^^^^^^^^^^^||||||'''||||||||^^^^^^^^^^^^^^^^
^^^^^^^^^^^^^^^^^^^'''''''''''''''''''''''''''''''''''|||||||||MMMMMMMM|MMMMMM~~~~~~~~~~~~~~~~~~~~~~~~||||||||||||||||||||||||||||||||||||''''''''''''''''''==='''''''''''''''~~~~~~~~~~~~~~~~~~~~^^^^^^^^^^^^|||||||'''||||||||^^^^^^^^^^^^^^^^
^^^^^^^^^^^^^^^^^^''''''''''''''''''''''''''''''''''''||||||||||MMMMMMM|||MMM'~~~~~~~~~~~~~~~~~~~~~~~~|||||||||||||||||||||||||||||||||''''''''''''''''*''''==='''''''''||''**~~~~~~~~~~~~~~~~~~~~^^^^^^^^^^^^^||||||'''||||||^^^^^^^^^^^^^^^^^^
^^^^^^^^^^^^^^^^^^^''''''''''''''''''''''''''''''''||||||||||||MMMMMM||||||''''''''''''''~~~~~~~~~~~~~~~~||||||||||||||||||||||||||||||'''''''''''''''***'''===''''''''||||******~~~~~~~~~~~~~~~^^^^^^^^^^^^^^^^^^^^|''''||^^^^^^^^^^^^^^^^^^^^^
^^^^^^^^^^^^^^^^^^'''''''''''''''''''''''''''''''''||||||||||||MMMMMM||||||||'''''''''''''~~~~~~~~~~~~~~~~~~|||||||||||||||||||||||||||''''''''''''''*****''===''''''||||||******~~~~~~~~~~~~~~~^^^^^^^^^^^^^^^^^^^^^^^''|^^^^^^^^^^^^^^^^^^^^^^
^^^^^^^^^^^^^^^^^''''''''''''''''''''''''''''''''||||||||||||MMMMMMM||||||||'''''''''''''''~~~~~~~~~~~~~~~~~~~|||||||||||||||||||||||||'''''''''''''*******'==='''''|||||||******~~~~~~~~~~~~~~~^^^^^^^^^^^^^^^^^^^^^^^^^^^^^^^^^^^^^^^^^^^^^^^^
^^^^^^^^^^^^^^^^^^'''''''''''''''''''''''''''''''|||||||||MMMMMMMMM||||||||||''''''''''''''''~~~~~~~~~~~~~~~~~~|||||||||||||||||||||||'''''''''''''********'=====''''|||||||*****~~~~~~~~~~~~~~^^^^^^^^^^^^^^^^^^^^^^^^^^^^^^^^^^^^^^^^^^^^^^^^^
^^^^^^^^^^^^^^^^^^^^''''''''''''''''''''''''''''||||||||MMMMMMMMMMM|||||||||''''''''''''||'''~~~~~~~~~~~~~~~~~~~|||||||||||||||||||||''''''''''''''***|***''======''''|||||||****~~~~~~~~~~~~~~^^^^^^^^^^^^^^^^^^^^^^^^^^^^^^^^^^^^^^^^^^^^^^^^^
^^^^^^^^^^^^^^^^^^^^''''''''''''''''''''''''''''||||||MMMMMMMMMMMMMM|||||||''''''''''''||||'''~~~~~~~~~~~~~~~~~~~~||||||||||||||||||''''''''''''''''*|||*''''=====''''|||||||||**~~~~~~~~~~~~~~~~^^^^^^^^^^^^^^^^^^^^^^^^^^^^^^^^^^^^^^^^^^^^^^^
^^^^^^^^^^^^^^^^^^^^^^^'''''''''''''''''''''''''MMMMMMMMMMMMMMMMMMMMM''||''''''''''''|||||||||||~~~~~~~~~~~~~~~~~~~~~~~~|||||||||~~~~''''''''''''''||||||***'''==='''|||||||||||||||~~~~~~~~~~~~~~~^^^^^^^^^^^^^^^^^^^^^''^^^^^^^^^^^^^^^^^^^^^^
^^^^^^^^^^^^^^^^^^^^^^^^^'''''''''''''''''''''''MMMMMMMMMMMMMMMMMMMMM'''''''''''''''||||||||||||~~~~~~~~~~~~~~~~~~~~~~~~~~~|||||~~~~~~~''''''''''''||||||***'''===''''|||||||||||||||~~~~~~~~~~~~~~^^^^^^^^^^^^^^^^^^^''''''^^^^^^^^^^^^^^^^^^^^
^^^^^^^^^^^^^^^^^^^^^^^^^^''''''''''''''''''''''MMMMMMMMMMMMMMMMMMMMM''''''''''''''|||||||||||~~~~~~~~~~~~~~~~~~~~~~~~~~~~~~~||~~~~~~~~~''''''''''||||||||**'''===''''''|||||||||||||||~~~~~~~~~~~~^^^^^^^^^^^^^^^'''''''''''''^^^^^^^^^^^^^^^^^
^^^^^^^^^^^^^^^^^^^^^^^^^''''''''''''''''''''MMMMMMMMMMMMMMMMMMMMM'''''n'''''''''||||||||||||||MM||||''|||||'MMMMMM||||||~~~~~~~~~~~~~~~~~'''''''''||||||||****====='''''|||||||||||||~~~~~~~~~~~~~^^^^^^^^^^^^^'''''''''''''''''^^^^^^^^^^^^^^^
^^^^^^^^^^^^^^^^^^^^^^^^'''''''''''''''''''''MMMMMMMMMMMMMMMMMMMMM''''nnn''''''''||||||||||||MMMMMM||''|||MMMMMMMMMMMM|||||~~~~~~~~~~~~~~~''''''''||||||||*****======''''||||||||||||~~~~~~~~~~~~~~^^^^^^^^^^^^'''''''''''''''''''^^^^^^^^^^^^^^
^^^^^^^^^^^^^^^^^^^^^^^^^''''''''''''''''''''MMMMMMMMMMMMMMMMMMMMM''nnnnnn'''''''||||||||||||MMMMMMMM|||MMMMMMMMMMMMMMMMM||||~~~~~~~~~~~~''''''''||||||||******'''===''''|||||||||||||~~~~~~~~~~~~~^^^^^^^^^^^^^'''''''''''''''''''^^^^^^^^^^^^^
^^^^^^^^^^^^^^^^^^^^^^^^^'''''''''''''''''MMMMMMMMMMMMM''''''''''nnnnnnnnnnn'''|||||||||||||||MMMMM||||MMMMMMMMMMMMMMMMMMMMM|||~~~~~~~~'''''''''''||||||||||******---~~~||||''|'|||||||||~~~~~~~~~||||~~~~~~~~~~~~''''''''''''''''^^^^^^^^^^^^^^
^^^^^^^^^^^^^^^^^^^^^^^^''''''''''''''''''MMMMMMMMMMM'''''''''nnnnnnnnnnnnnn''|||||||||||||||||MMMM||MMMMMMMMMMMMMMMMMMMMMMMM|||~~~~~~~''''''''''''||||||||||||***---~~~~~~''''''||||||||||~~~~~~||||||||~~~~~~~~~~~~''''''''''''^^^^^^^^^^^^^^^
^^^^^^^^^^^^^^^^^^^^^^^^^'''''''''''''''''MMMMMMMMMMM'''''''nnnnnnnnnnnnnnnnnn|||||||||||||||||MMMM||MMMMMMMMMMMMMMMMMMMMMMMMM|||~~~~~~''''''''''|||||||||||||||**---~~~~'''''''|||||||||||||~~~|||||||||~~~~~~~~~~~~''''''''''''^^^^^^^^^^^^^^^
^^^^^^^^^^^^^^^^^^^^^^^^''''''''''''''''''MMMMMMMMMMMM'''''nnnnnnnnn''nnnnnnnnn||||||||||||||||MMMM||MMMMMMMMMMMMMMMMMMMMMMMMMM||~~~~~~'''''''''''||||||||||||||||===~~~~~'''''||||||||||||||||||||||||||~~~~~~~~~~~~~~'''''''''^^^^^^^^^^^^^^^^
^^^^^^^^^^^^^^^^^^^^^^^'''''''''''''''''''MMMMMMMMMMM''''nnnnnnnnnn''''nnnnnnnnn||||||||||||||MMMMM||MMMMMMMMMMMMMMMMMMMMMMMMM|||~~~~~~~'''''''''''|||||||||||||||===~~~~''''''''|||||||||||||||||||||||||~~~~~~~~~~~~~~''''''^^^^^^^^^^^^^^^^^^
^^^^^^^^^^^^^^^^^^^^^^^^^'''''''''''''''''MMMMMMMMMMMMMM''''nnnnn''''''''nnnnnnn|||||||||||||||MMMM||||||MMMM===MMMMMMMMMMMMMM|||~~~~~~~~~'''''''''|||||||||||||||===''~~~~''''''||||||||||||||||||||||||||||~~~~~~~~~~~'''''''^^^^^^^^^^^^^^^^^
^^^^^^^^^^^^^^^^^^^^^^^^::::::::::::::::||||MMMMMMMMMMMMMMM''''''''''''''''nnnn|||||||||||||||MMMMMM|||||==========MMMMMMMMMMM|||~~~~~~~~~~~~''''''***||||||||||||===''~~~~~~''''~~~|||||||||||||||||||||||||||~~~~~~~~~~~'''''''^^^^^^^^^^^^^^^
^^^^^^^^^^^^^^^^^^^^^^^::::::::::::::::||||||MMMMMMMMMMMMMMMM''''''''''''''nnnnnn||||||||||||MMMMMMMMMMMMZZZZZZZZZZZMMMMMMMMMMM||~~~~~~~~~~~~''''''****|||||||||||===''~~~~~'''~~~~~~|||||||||||||||||||||||||||~~~~~~~~~~~'''''''^^^^^^^^^^^^^^
^^^^^^^^^^^^^^^^^^^^^:::::::::::::::::|||||||MMMMMMMMMMMMMMMMMM''''''''''nnnnnn||||||||||||||MMMMMMMMMMM=====&=======MMMMMMMMMM||~~~~~~~~~~~''''''''***|||||||||||==='''~~~''''~~~~~~~~|||||||||||||||||||||||||~~~~~~~~~~''''''''^^^^^^^^^^^^^^
^^^^^^^^^^^^^^^^^^^^^::::::::::::::::||||||||||MMMMMMMMMMMMMMMMMM'''''''''nnnn|||||||||||||MMMMMMMMMMM======&=&======MMMMMMMMM|||||~~~~~~~~''''''''''****|||||||||==='''~~~~~'''~~~~~~|||||||||||||||||||||||||~~~~~~~~~~~''''''''^^^^^^^^^^^^^^
^^^^^^^^^^^^^^^^^^^^^^^:::::::::::::::||||||||||MMMMMMMMMMMMMMMMM''''''''''nnn||||||||||||MMMMMMMMMMMMM====&===&====MMMMMMMMM||||||~~~~~~~''''''''''''****||||||||==='''~~~~~'''~~~~~~~|||||||||||||||||||||||||||~~~~~~~~~''''''^^^^^^^^^^^^^^^
^^^^^^^^^^^^^^^^^^^^^^^^:::::::::::::::|||||||||MMMMMMMMMMMMMMMMMM'''''''''nn'|||||||||||||MMMMMMMMMMMM=====&=&======MMMMMMMMM||||||~~~~~~~''''''''''''**|||||||||===''~~~~~~~'~~~~~~||||||||||||||||||||||||||||||~~~~~~~~''''''^^^^^^^^^^^^^^^
^^^^^^^^^^^^^^^^^^^^^^^^^::::::::::::|||||||||||||||||MMMMMMMMMMMM|||'''''''''''|||||||||||||MMMMMMMMMMM=====&======MMMMMMMMMM||||||~~~~~~~~''''''''''''''''||||||===''~~~~~~~~~~~~~~||||||||||||||||||||||||||||||||~~~~~~~~''''^^^^^^^^^^^^^^^
^^^^^^^^^^^^^^^^^^^^^^^^^^::::::::::||||||||||||||||||||MMMMMMMMM|||||'''''''''''|||||||||||||MMMMMMMMMMMZZZZZZZZZZMMMMMMMMMM||||||||||~~~~~'''''''''''''''''|||||==='~~~~~~~~~~~~~~|||||||||||||||||||||||||||||||||~~~~~~~~~~''^^^^^^^^^^^^^^^
^^^^^^^^^^^^^^^^^^^^^^^^^^^:::::::||||||||||||||||MMM||||MMMMMMM||||||'''''''''''||||||||||||||MMMMMMMMMMM=========MMMMMMMMMM||||||||||~~~'''''''''''''''''''''|||==='~~~~~~~~~~~~~~~||||||||||||||||||||||||||||||||~~~~~~~~~~~~^^^^^^^^^^^^^^^
^^^^^^^^^^^^^^^^^^^^^^^^^^^::::::::|||||||||||||MMMMMM||||||MMMMM|||||||'''''''''''|||||||||||MMMMMMMMMMMMMMM||MM==MMMMMMMMMMM|||||||||~~~~'''''''''''''''''''''||===''~~~~~~~~~~~~~~~~||||||||||||||||||||||||||||||~~~~~~~~~~~~~^^^^^^^^^^^^^^
^^^^^^^^^^^^^^^^^^^^^^^^^:::::::::|||||||||MMMMMMMMMMMM||||MMMMMMM|||||||'''''''''''||||||||||MMMMMMMMMMMMMMM|||MMMMMMMMMMMMMMM||||||||~~~~'''''''''''''''''''''''===''''~~~~~~~~~~~~|||||||||||||||||||||||||||||||||||~~~~~~~~~~^^^^^^^^^^^^^^
^^^^^^^^^^^^^^^^^^^^^^^:::::::::::MMMMMMMMMMMMMMMMMMMM||||||MMMMMM||||||''''''''''''|||||||||||MMMMMMMMMMMMMMM||||MMMMMMMMMMMM|||||||||~~~~~''''''''''''''''''''''===''''''~~~~~~~~~|||||||||||||||||||||||||||||||||||||~~~~~~~~~~^^^^^^^^^^^^^
^^^^^^^^^^^^^^^^^^~~~:::::::::MMMMMMMMMMMMMMMMMMMMMMMMMMM|||||MMM||||'''''''''''''''''|||||||||MMMMMMMMMMMMMMMMM||MMMMMMMMMMM||||||||~~~~~''''''''''''''''''''''''===''''''''''''~~~~||||||||||||||||||||||||||||||||||||||~~~~~~~^^^^^^^^^^^^^^
^^^^^^^^^^^^^^^^~~~~:::::::MMMMMMMMMMMMMMMMMMMMMMMMMMMMMMMM||||||||||''''''''''''''''''|||||||||MMMMMMMMMMMMMMMM|||MMMMMMMM||||||||||~~~~'''''''''''''''''''''''''===''''''''''''~~~~~~|||||||||||||||||||||||||||||||||||||~~~~~~~^^^^^^^^^^^^^
^^^^^^^^^^^^^^^~~~~~::::MMMMMMMMMMMMMMMMMMMMMMMMMMMMMMMMMM||||||||||||'''''''''''''''''||||||||||MMMMMMMMMMMMMMMM||MMMMMM||||||||||~~~~~''''''''''''''''''''''''''===''''''''''''~~~~~~||||||||||||||||||||||||||||||||||||~~~~~~~~~^^^^^^^^^^^^
^^^^^^^^^^^^^^~~~~~MMMMMMMMMMMMMMMMMMMMMMMMMMMMMMMMMMMMM||||||||||||||||''''''''''''''||||||||||||||MMMMMMMMMMMMM||MMMMM|||||||||||~~~~'''''''''''''''''''''''''''===''''''''''''~~~~~~~~~||||||||||||||||||||||||||||||||||||~~~~~~^^^^^^^^^^^^
^^^^^^^^^^^^^^^^~~~MMMMMMMMMMMMMMMMMMMMMMMMMMMMMMMMMMMM|||||||||||||||'''''''''''''''||||||||||||||||||||MMMMMMMM||||MMM||||||||||~~~~~~'''''''''''||'''''''''''''===''''''''''''~~~~~~~~~|||||||||||||||||||||||||||||||||||~~~~~~~^^^^^^^^^^^^
^^^^^^^^^^^^^^^^^~~~~MMMMMMMMMMMMMMMMMMMMMMMMMMMMMMMMM|||||||||||||||||'''''''''''''|||||||||||||||||||||||||||MMMMM|MM||||||||||~~~~~~~~''''''''||||||'''''''''''===''''''''''''~~~~~~~~~~~~|||||||||||||||||||||||||||||||||~~~~~^^^^^^^^^^^^^
^^^^^^^^^^^^^^^^^^~~~''''''''''''MMMMMMMMMMMMMMMMMMMM||||||||||||||||''''''''''''''''|||||||||||||||||||||||||||||||||||||||||||~~~~~~~~'''''''||||||||||''''''''===='''''''''''''~~~''~~~~~~''||||||||||||||||||||||||||||||||||~~^^^^^^^^^^^^^
^^^^^^^^^^^^^^^^^~~~~''''''''''''MMMMMMMMMMMMMMMMMMM||||||||||||||||''''''''''''''''|||||||||||||||||||||||||||||||~~~~~~~~||||~~~~~~~~'''''''|||||||||||||'''======'''''''''''''''''''~~~~~'''''|||||||||||||||||||||||||||||||||^^^^^^^^^^^^^^
^^^^^^^^^^^^^^^^^^~~~''''''''''''MMMMMMMMMMMMMMMM~~|||||||||||||||'''''''''''''''''''||||||||||||||||||||||||||~~~~~~~~~~~~~~~~~~~~~~~~''''''|||||||||||||''======''''''''''''''''''''~~~~~'''''''''|||||||||||||||||||||||||||||^^^^^^^^^^^^^^^
^^^^^^^^^^^^^^^^^~~~~'''''''''''''MMMMMMMMMMMMMM~~~||||||||||||||'''''''''''''''''''''|||||||||||||||||||||||~~~~~~~~~~~~~~~~~~~~~~~~''''''''|||||||||||||'====''''''''''''''''''''''~~~~~~~'''''''''''||||||||||||||||||||||||''^^^^^^^^^^^^^^^
^^^^^^^^^^^^^^^^^~~~~'''''''''''''''MMMM|||||~~~~~|||||||||||||||''''''''''''''''''''||||||||||||||||||||||~~~~~~~~~~~~~~~~~~~~~~~~~''''''''''|||||||||||=====''''''''''''''''''''''''~~~~~~'''''''''''''|||||||||||||||||||||''''^^^^^^^^^^^^^^
^^^^^^^^^^^^^^^^^^~~~'''''''''''''''MMM|||||~~~~~||||||||||||||''''''''''''''''''''''''|||||||||||||||||||~~~~~~~~~~~~~~~~~~~~~~~~''''''''''''''|||||||||==='''''''''''''''''''''''''''~~~~~~''''''''''''''|||||||||||||||||||'''^^^^^^^^^^^^^^^
^^^^^^^^^^^^^^^''''''''''''''''''||||M||||||~~~~~~|'''|||||||''''''''''''''''''''''''''''''||||||||''''''~~~~~~~~~~~~::::::''~~''''''''''''''''''~|||||~~---~~'''''''''''~~~~''''''''''~~~~~~~~~~''''''''''''||||||||||||||||~~~~^^^^^^^^^^^^^^^
^^^^^^^^^^^^^^'''''''''''''''''''||||||||||~~~~~~|||'''''|||'''''''''''''''''''''''''''''''''||||||''''''''~~~~~~~~~::::::::'''''''''''''''''''~~~~~||~~~---~~~~~~~''''~~~~~~~~'''''''~~~~~~~~~~~''''''''''''''|||||||||||||~~~~~~~^^^^^^^^^^^^^
^^^^^^^^^^^^^''''''''''''''''''|||||||||||||~~~~~~|||'''''|'''''''''''''''''''''''''''''''''''|||||''''''''~~~~~~~~:::::::::''''''''''''''''''~~~~~~~~~~~---~~~~~~~~~'~~~~~~~~~~~''''''~~~~~~~~~~~~''''''''''''||||||||||||~~~~~~~^^^^^^^^^^^^^^
^^^^^^^^^^^^^^'''''''''''''''''''||||||||||~~~~~||||'''''''''======='''''''''''''''''''''''''||||||'''''''''~~~~~~~~::::::::'''''''''''''''''~~~~~~~~~~~~==='''~~~~~~~~~~~~~~~~~~~~''''~~~~~~~~~~~''''''''''''||||||||||||~~~~~~~~~^^^^^^^^^^^^^
^^^^^^^^^^^^^^^''''''''''''''''||||||||||||||~~~~~|||''''''==========='''''''''''''''''''''''||||||''''''''~~~~~~~~~~::::::''''''''''''''''''~~~~~~~~~~~~===''''~~~~~~~~~~~~~~~~~~~''''~~~~~~~~~~~~~''''''''''|||||||||||~~~~~~~~~~^^^^^^^^^^^^^
^^^^^^^^^^^^^^^^^'''''''''''''|||||||||||||||~~~~|||'''''==============='''''''''''''''''''''''||'''''''''~~~~~~~~~~:::::::''''''''''''''''''~~~~~~~~~~~~===''''''~~~~~~~~~~~~~~~~'''~~~~~~~~~~~~~~~~~~''''''''||||||||||~~~~~~~~^^^^^^^^^^^^^^^
^^^^^^^^^^^^^^^^^^^''''''''''''''||||||||||~~~~~~~~'''''====|||||||||===''''''''''''''''''''''~~~~~~~''''~~~~~~~~~~~~~:::::::::::'''''''''''~~~~~~~::::::=====''''''''~~~~~~~~~~~~~~~~~~~~~~~~~~~~~~~~~~~'''''''''||||||||~~~~~~~~~^^^^^^^^^^^^^
^^^^^^^^^^^^^^^^^^^^'''''''''''|||||||||||~~~~~~~~~~'''====||||||||||==='''''''''''''''''''''~~~~~~~~~~~~~~~~~~~~~~~~~~~~::::::::''''''''~~~~~~~~~:::::::======'''''''''~~~~~~~~~~~~~~~~~~~~~~~~~~~~~~~~~'''''''''''|||||||~~~~~~~^^^^^^^^^^^^^^
^^^^^^^^^^^^^^^^^^^^^'''''''''''|||||||||~~~~~~~~~~~~''===|||||||||||==='''''''''''''''''''''~~~~~~~~~~~~~~~~~~~~~~~~~~~~~~::::''''''''~~~~~~~~~~::::::::'=====''''''''''''~~~~~~~~~~~~~~~~~~~~~~~~~~~~~~~'''''''''''||||||~~~~~~~~~^^^^^^^^^^^^
^^^^^^^^^^^^^^^^^^^^^''''''''''''||||||~~~~~~~~~~~~~~==='|||||||||||||===''''''''''''''''''''~~~~~~~~~~~~~~~~~~~~~~~~~~~~~~:::::'''''''~~~~~~~~~~::::::'''''=====''''''''''~~~~~~~~~~~~~~~~~~~~~~~~~~~~~~~'''''''''''|||||~~~~~~~~~^^^^^^^^^^^^^
^^^^^^^^^^^^^^^^^^^^^^^''''''''||||||||~~~~~~~~~~~~~==='|||||||||||||||==='''''''''''''''''''~~~~~~~~~~~~~~~~~~~~~~~~~~~~~::::::'''''''''~~~~~~~:::::::'''''======'''''''''~~~~~~~~~~~~~~~~~~~~~~~~~~~~~~~''''''''''|||||~~~~~~~~~^^^^^^^^^^^^^^
^^^^^^^^^^^^^^^^^^^^^^^^^''''||||||||||||~~~~~~~~~'==='||||||||||||||||||==='''''''''''''''''~~~~~~~~~~~~~~~~~~~~~~~~~~~~~:::::::''''''''~~~~~~:::::::''''''''===='''''''''~~~~~~~~~~~~~~~~~~~~~~~~~~~~~~'''''''''''|||||~~~~~~~~~~^^^^^^^^^^^^^
^^^^^^^^^^^^^^^^^^^^^^^^^^^|||||||||||||||~~~'''''==='''||||||||||||||||||===''''~~~~~~~~~~~~~~~~~~~~~~~~~~~~~~~~~~~~~~~~~~~~:::~~~'''''~~~~~::::::''''''''''''===''''''''''''''~~~~~~~~~~~~~~~''''~~~~~~'''''''''''''|||||~~~~~~~~~~^^^^^^^^^^^
^^^^^^^^^^^^^^^^^^^^^^^^^^|||||||||||||||||~~'''==='''''|||||||||||||||||||==='''~~~~~~~~~~~~~~~~~~~~~~~~~~~~~~~~~~~~~~~~~~~~~~~~~~~~''~~~~~~~:::::''''''''''''===''''''''''''''''''~~~~~~~''''''''~~~~~'''''''''''''''''''~~~~~~~~^^^^^^^^^^^^^
^^^^^^^^^^^^^^^^^^^^^^^^^^||||||||||||||||~~~'''===''''|||||||||||||||||||||==='''~~~~~~~~~~~~~~~~~~~~~~~~~~~~~~~~~~~~~~~~~~~~~~~~~~~~~~~~~~~:::::'''''''''''''===''''''''''''''''''''~~~'''''''~~~~~~~''''''''''''''''''''~~~~~~~~~^^^^^^^^^^^^
^^^^^^^^^^^^^^^^^^^^^^^^^||||||||||||||||~~~~'''==='''''|||||||||||||||||||'''==='''~~~~~~~~~~~~~~~~~~~~~~~~~~~~~~~~~~~~~~~~~~~~~~~~~~~~~~::::::::'''''''''''''======'''''''''''''''''''''''''''~~~~~~~~'''''''''''''''''~~~~~~~~~~^^^^^^^^^^^^^
^^^^^^^^^^^^^^^^^^^^^^^^^^|||||||||||||||||~~'''===''''''||||||||||||||||||'''==='''~~~~~~'~~~~~~~~~~~~~~~~~~~~~~~~~~~~~~~~~~~~~~~~~~~~~~~~:::::::'''''''''''''''====='''''''''''''''''''''''''~~~~~~~~~~''''''''''''''~~~~~~~~~~~^^^^^^^^^^^^^^
^^^^^^^^^^^^^^^^^^^^^^^^^^^||||||||||||||~~~~'''==='''''|||||||||||||||||||'''===''''~~~~'''~~~~~~~~~~~~~~~~~~~~~~~~~~~~~~~~~~~~~~~~~~~~~~:::::::::''''''''''''''''===='''''''''''''''''''''''''~~~~~~~~''''''''''''''''~~~~~~~~~^^^^^^^^^^^^^^^
^^^^^^^^^^^^^^^^^^^^^^^^^^^~~||||||||||~~~~~~~~===''''|||||||||||||||||||'''''===''''''''''''~~~~~~~~~~~~~~~~~~~~~~~~~~~~~~~~~~~~~~~~~::::::::|||::::'MMM''M''''MMMMM====='''''''''''''''''''''''~~~~~~~~~'''''''''''''''~~~~~~~~~^^^^^^^^^^^^^^
^^^^^^^^^^^^^^^^^^^^^^^^^^~~~~~||||||~~~~~~~~~~===''''||||||||||||||||||''''''==='''''''''''''~~~~~~~~~~~~~~~~~~~~~~~~~~~~~~~~~~~~~~:::::::::||||||:::MMMMMMMM''MMMMMMM======''''''''''''''''''~~~~~~~~~~~~~~''''''''''~~~~~~~~~~^^^^^^^^^^^^^^^
^^^^^^^^^^^^^^^^^^^^^^^^^~~~~~~~~|||~~~~'~~~~~===''''|||||||||||||||||''''''''==='''''''''''''~~~~~~~~~~~~~~~~~~~~~~~~~~~~~~~~~~~~:::::::::::||||||:::MMMMMMMMMMMMMMMMMMMMM=====''''''''''''''''~~~~~~~~~~~~~~''''''''''~~~~~~~~~~^^^^^^^^^^^^^^
^^^^^^^^^^^^^^^^^^^^^^^^^^~~~~~~~~~~~~~'''~~~===''''''|||||||||||||||'''''''''==='''''''''''''''~~~~~~~~~~~~~~~~~~~~~~~~~~~~~~~~~~::::::::::|||||||:::::MMMMMMMMMMMMMMMMMMMM=======''''''''''''''~~~~~~~~~~~~'''''''''''''~~~~~~~^^^^^^^^^^^^^^^
^^^^^^^^^^^^^^^^^^^^^^^^^^^~''~~~~~~~~''''~~~==='''''''|||||||||||||||''''''''===''''''''''''''''~~~~~~~~~~~~~~~~~~~~~~~~~~~~~~~:::::::::::||||||||::::::MMMMMMMMMMMMMMMMMMMMM======'''''''MMMM''''~~~~~~~~~~~~''''''''''''~~~~~~~^^^^^^^^^^^^^^
^^^^^^^^^^^^^^^^^^^^^^^^^^^''''~~~~~~''''''~~===''''''|||||||||||||||||'''''''==='''''''''''''''~~~~~~~~~~~~~~~~~~~~~~~~~~~~~~~:::::::::::||||||||||||::::::MMMMMMMMMMMMMMMMMMM=====''''MMMMMMMMM~~~~~~~~~~~~~~''''''''''''~~~~~~^^^^^^^^^^^^^^^
^^^^^^^^^^^^^^^^^^^^^^^^''''''''|||''''''''''==='''''||||||||||||||||||'''''''===='''''''''''''~~~~~~~~~~~~~~~~~~~~~~~~~~~~~~~::::::::::|||||||||||||||||:::::MMMMMMMMMMMMMMMMMMM==='''MMMMMMMMMMMM~~~~~~~~~~~~~~''''''''^^^^~~~~^^^^^^^^^^^^^^^
^^^^^^^^^^^^^^^^^^^^^^^'''''''|||||||''''''''===''''''||||||||||||||||||'''''''=====''''''''''~~~~~~~~~~~~~~~~~~~~~~~~~~~~~~~::::::::::||||||||||||||||::::::::MMMMMMMMMMMMMMMMMM===''MMMMMMMMMMMMMM~~~~~~~~~~~~~~~'''''^^^^^^~~~^^^^^^^^^^^^^^^
^^^^^^^^^^^^^^^^^^^^^'''''''''|||||||||''''''==='''''|||||||||||||||||||'''''''''====='''''''''~~~~~~~~~~~~~~~~~~~~~~~~~~~~~~:::::::::::||||||||||||||::::::::MMMMMMMMMMMMMMMMMM'===MMMMMMMMMMMMMMMMM~~~~~~~~~~~~~~~~^^^^^^^^^^^^^^^^^^^^^^^^^^^
^^^^^^^^^^^^^^^^^^^^'''''''''||||||||''''''''===''''|||||||||||||||||||''''''''''''===='''''''''~~~~~~~~~~~~~~~~~~~~~~~~~~~::::::::::::||||||||||||||||::::::MMMMMMMMMMMMMMMMMM''===''MMMMMMMMMMMMMM~~~~~~~~~~~~~~~~~~~~^^^^^^^^^^^^^^^^^^^^^^^^
^^^^^^^^^^^^^^^^^^'''''''''||||||||||||''''''==='''|||||||||||||||||||||''''''''''''===''''''''~~~~~~~~~~~~~~~~~~~~~~~~~~~~~::::::::::::::|||||||||||||||:::::MMMMMMMMMMMMMMMMM''==='''MMMMMMMMMMM~~~~~~~~~~~~~~~~~~~~~~^^^^^^^^^^^^^^^^^^^^^^^^
^^^^^^^^^^^^^^^^^''''''''''''|||||||'''''''''===''''|||||||||||||||||||'''''''''''''===''''''''~~~~~~~~~~~~~~~~~~~~~~~~~~~~~~:::::::::::::::||||||||||||:::::::MMMMMMMMMMMMMMMMMM==='''MMMMMMMMM~~~~~~~~~~~~~~~~~~~~~~~~~~^^^^^^^^^^^^^^^^^^^^^^
^^^^^^^^^^^^^^^^''''''''''''|||||''''''''''''==='''~~~||||||||||||||||''''''''|||'''===''''''''''~~~~~~~~~~~~~~~~~~~~~~~~~~~'''''''''''''''''|||||||||''''''''''''MMMMMM''''MMMM'====='''''#''~~~~~~~~~~~~~~~~~~~~~~~~~~~~~~^^^^^^^^^^^^^^^^^^^^
^^^^^^^^^^^^^^^''''''''''''||||''''''''''''''==='''~~~~~|||||||||||||||''''''||||'''===''''''''''''~~~~~~~~~~~~~~~~~~~~~~~~''''''''''''''''''||||||||||'''''''''''''MMM''''''MM''======''''#''~~~~~~~~~~~~~~~~~~~~~~~~~~~~~~~~^^^^^^^^^^^^^^^^^^
^^^^^^^^^^^^^^^^^'''''''''''|||||''''''''''''==='''~~~~|||||||||||||||||''''''||||''==='''''''''''''~~~~~~~~~~~~~~~~~~~~~~''''''''''''''''''''''|||||||||'''''''''''''''''''''''''=====''''#''''~~~~~~~~~~~~~~~~~~~'''~~~~~~~~~~^^^^^^^^^^^^^^^^
^^^^^^^^^^^^^^^^^^''''''''''||||'''''''''''''==='''~~~~|||||||||||||||||''''||||||''==='''''''''''''''~~~~~~~~~~~~~~~~~~~'''''''''''''''''''''''|||||||'''''''''''''''''''''''''''''===''''#'''~~~~~~~~~~~~~~~~~~'''''''~~~~~~~~~^^^^^^^^^^^^^^^
^^^^^^^^^^^^^^^^^^'''''''''||||||'''''''''''===''''~~~||||||||||||||||||''''|||||'''===''''''''''''''''~~~~~~~~~~~~~~~~~~~''''''''''''''''''''''|||||||||'''''''''''''''''''''''''''===''''#''~~~~~~~~~~~~~~~~~~''''''''''~~~~~^^^^^^^^^^^^^^^^^
^^^^^^^^^^^^^^^^^^^'''''''''||'''''''''''''==='''''~~~~~|||||||||||||||'''''|||||'''==='''''''''''''''~~~~~~~~~~~~~~~~~~~~~''''''''''''''''''''|||||||''''''''''''''''''''''''''''''===''''#''''~~~~~~~~~~~~''''''''''''''''~~~^^^^^^^^^^^^^^^^^
^^^^^^^^^^^^^^^^^^''''''''''''''''''''''''==='''''''~~~~~||||||||||||||||'''|||||||'=====''''''''''''''''~~~~~~~~~~~~~~~~~''''''''''''=====================================================#=============='''''!!!!!!!!!!!!!!!!^^^^^^^^^^^^^^^^^
^^^^^^^^^^^^^^^^^^''''''''''''''''''''''''==='''''''''~~~~~|||||||||||||||||||||||''======'''''''''''''''''~~~~~~~~~~~~~'''''''''''''======================================================[===============''''!!!!!!!!!!!!!!!!!!^^^^^^^^^^^^^^^
^^^^^^^^^^^^^^^^''''''''''''''''''''''''''===''''''''''~~~~~~|||||||||||||||||||||'''=====''''''''''''''''~~~~~~~~~~~~~'''''''''''''=======================================================#================'''!!!!!!!!!!!!!!!!!!!^^^^^^^^^^^^^^
^^^^^^^^^^^^^^^###############''''''''''''===''''''''''''~~~~~|||||||||||||||||||||''''======='''''''''''~~~'''''~~~~~'''''''''''======||''''''''''||||''''''''''''''''''''''''''''''''''''#''''''''''''''===='!!!!!!!!!!!!!!!!!!^^^^^^^^^^^^^^^
^^^^^^^^^^^^^^^#'''''''''''''#''''''''''''===''''''''''''~~~~~~|||||||||||||||||||||'''========'''''''''~~~~~'''''~~~'''''''''''=====||||||'''''''||||||||'''''''''''''''''''''''''''''''''#'''''''''''''''====!!!!!!!!!!!!!!!!^^^^^^^^^^^^^^^^^
^^^^^^^^^^^^^^^#'''''''''''''#''''''''''''===''''''''''''~~~~~||||||||||||||||||||||||''========'''''''''~~~~''''''~''''''''''======|||||||||''''||||||||''''''''''''''''''''''''''''''''''#''''''''''''''''===!!!!!!!!!!!!!!!^^^^^^^^^^^^^^^^^^
^^^^^^^^^^^^^^^#'''''''''''''#'''''''''''===''''''''''~~~~~~~~'''''''||||||||||||||||||||'''=====''''''''''~'''''''''''''''''====|||||||||||||''||||'''''''''''''''''''''''''''''''''''''''#''''''''''''''''=============''''''''^^^^^^^^^^^^^^^
^^^^^^^^^^^^^^^#'''''''''''''#''''''''''===''''''''''~~~~~~~~''''''''|||||||||||||||||||||'''====='''''''''''''''''''''''''======|||||||||||||||||||||'''''''''''''''''''''''''''''''''''''#'''''''''''''''''=============''''''''^^^^^^^^^^^^^^
^^^^^^^^^^^^^^^#'''''''''''''#'''''''''===''''''''''~~~~~~~~'''''''''||||||||||||||||||||||'''=====''''''''''''''''''''''======''''||||||||||||||||||||''''''''''''''''''''''''''''''''''''#''''''''''''''''''============='''''''^^^^^^^^^^^^^^
^^^^^^^^^^^^^^^#'''''''''''''#============'''''''''~~~~~~~~~~''''''''||||||||||||||||||||||||'''==============================''''|||||||||||||||||||||||''''''''''''''''''''''''''''''''''#'!!!!!!''''''========'''''''===''''''''^^^^^^^^^^^^^
^^^^^^^^^^^^^^^#''''''H======G===========''''''''''~~~~~~~~~~~'''''''||||||||||||||||||||||||'''=============================='''''||||||||||||||||||||''''''''''''''''''''''''''''''''''''#'!!!!!!'''''=========''H''''==='''''''^^^^^^^^^^^^^^
^^^^^^^^^^^^^^^#'''''''''''''#=========''''''''''''''~~~~~~~~~~''''''||||||||||||||||||||||||'''''=========================''''''|||||||||||||||||||||'''''''''''''''''''''''''''''''''''''#'!!!!!!'''==========='''''''===''''''^^^^^^^^^^^^^^^
^^^^^^^^^^^^^^^#'''''''''''''#^^^^''''''''''''''^^''^^^^^^^^^^^^^''''^^||||||||||||||||||||'''^^^^^^^^^^^^^^^^^^^^^^^^^^^^^^^^^^^^^||||||||||||''''''''''''''''''''''''''''''''''''''''''''#'!!!!!!|||==='''''''''''''''''''''^^^^^^^^^^^^^^^^^^
^^^^^^^^^^^^^^^#'''''''''''''#^^^^^'''''''''''^^^^^^^^^^^^^^^^^^^^^^^^^^^^^^||||||||||||||'''^^^^^^^^^^^^^^^^^^^^^^^^^^^^^^^^^^^^^^^^|||||||||'''''''''''''''''''''''''''''''''''''''''''''#'!!!!!!|||==='''''''''''''''''''^^^^^^^^^^^^^^^^^^^^
^^^^^^^^^^^^^^^#'''''''''''''#^^^^^^'''''''''^^^^^^^^^^^^^^^^^^^^^^^^^^^^^^^^^^''''|||||''^^^^^^^^^^^^^^^^^^^^^^^^^^^^^^^^^^^^^^^^^^^^^|||||||||'''''''''''''''''''''''''''''''''''''''''''#'!!!!!!|||===''''''''''''''''''^^^^^^^^^^^^^^^^^^^^^
^^^^^^^^^^^^^^^#'''''''''''''#^^^^^^^^'''^'^^^^^^^^^^^^^^^^^^^^^^^^^^^^^^^^^^^^^^'''''''^^^^^^^^^^^^^^^^^^^^^^^^^^^^^^^^^^^^^^^^^^^^^^^^^||||||^^^^^^'''''''''''''''''''''''''''''^^^''''^^^^^^'''''^^^^^^^'''''''''''''^^^^^^^^^^^^^^^^^^^^^^^^
^^^^^^^^^^^^^^^#'''''''''''''#^^^^^^^^^^^^^^^^^^^^^^^^^^^^^^^^^^^^^^^^^^^^^^^^^^^^^^^^^^^^^^^^^^^^^^^^^^^^^^^^^^^^^^^^^^^^^^^^^^^^^^^^^^^^||||^^^^^^^^^'''''''''''''''''''''''^^^^^^^^''^^^^^^^^^^^^^^^^^^^^^^''''''''^^^^^^^^^^^^^^^^^^^^^^^^^^
^^^^^^^^^^^^^^^###############^^^^^^^^^^^^^^^^^^^^^^^^^^^^^^^^^^^^^^^^^^^^^^^^^^^^^^^^^^^^^^^^^^^^^^^^^^^^^^^^^^^^^^^^^^^^^^^^^^^^^^^^^^^^^^^^^^^^^^^^^^^^''''''''''''''''^^^^^^^^^^^^^^^^^^^^^^^^^^^^^^^^^^^^^^'''''^^^^^^^^^^^^^^^^^^^^^^^^^^^
^^^^^^^^^^^^^^^^^^^^^^^^^^^^^^^^^^^^^^^^^^^^^^^^^^^^^^^^^^^^^^^^^^^^^^^^^^^^^^^^^^^^^^^^^^^^^^^^^^^^^^^^^^^^^^^^^^^^^^^^^^^^^^^^^^^^^^^^^^^^^^^^^^^^^^^^^^^^^'''''''''''^^^^^^^^^^^^^^^^^^^^^^^^^^^^^^^^^^^^^^^^^^^^^^^^^^^^^^^^^^^^^^^^^^^^^^^^
^^^^^^^^^^^^^^^^^^^^^^^^^^^^^^^^^^^^^^^^^^^^^^^^^^^^^^^^^^^^^^^^^^^^^^^^^^^^^^^^^^^^^^^^^^^^^^^^^^^^^^^^^^^^^^^^^^^^^^^^^^^^^^^^^^^^^^^^^^^^^^^^^^^^^^^^^^^^^^^^'''''^^^^^^^^^^^^^^^^^^^^^^^^^^^^^^^^^^^^^^^^^^^^^^^^^^^^^^^^^^^^^^^^^^^^^^^^^^^
^^^^^^^^^^^^^^^^^^^^^^^^^^^^^^^^^^^^^^^^^^^^^^^^^^^^^^^^^^^^^^^^^^^^^^^^^^^^^^^^^^^^^^^^^^^^^^^^^^^^^^^^^^^^^^^^^^^^^^^^^^^^^^^^^^^^^^^^^^^^^^^^^^^^^^^^^^^^^^^^^^^^^^^^^^^^^^^^^^^^^^^^^^^^^^^^^^^^^^^^^^^^^^^^^^^^^^^^^^^^^^^^^^^^^^^^^^^^^^^^
^^^^^^^^^^^^^^^^^^^^^^^^^^^^^^^^^^^^^^^^^^^^^^^^^^^^^^^^^^^^^^^^^^^^^^^^^^^^^^^^^^^^^^^^^^^^^^^^^^^^^^^^^^^^^^^^^^^^^^^^^^^^^^^^^^^^^^^^^^^^^^^^^^^^^^^^^^^^^^^^^^^^^^^^^^^^^^^^^^^^^^^^^^^^^^^^^^^^^^^^^^^^^^^^^^^^^^^^^^^^^^^^^^^^^^^^^^^^^^^^
^^^^^^^^^^^^^^^^^^^^^^^^^^^^^^^^^^^^^^^^^^^^^^^^^^^^^^^^^^^^^^^^^^^^^^^^^^^^^^^^^^^^^^^^^^^^^^^^^^^^^^^^^^^^^^^^^^^^^^^^^^^^^^^^^^^^^^^^^^^^^^^^^^^^^^^^^^^^^^^^^^^^^^^^^^^^^^^^^^^^^^^^^^^^^^^^^^^^^^^^^^^^^^^^^^^^^^^^^^^^^^^^^^^^^^^^^^^^^^^^
^^^^^^^^^^^^^^^^^^^^^^^^^^^^^^^^^^^^^^^^^^^^^^^^^^^^^^^^^^^^^^^^^^^^^^^^^^^^^^^^^^^^^^^^^^^^^^^^^^^^^^^^^^^^^^^^^^^^^^^^^^^^^^^^^^^^^^^^^^^^^^^^^^^^^^^^^^^^^^^^^^^^^^^^^^^^^^^^^^^^^^^^^^^^^^^^^^^^^^^^^^^^^^^^^^^^^^^^^^^^^^^^^^^^^^^^^^^^^^^^
^^^^^^^^^^^^^^^^^^^^^^^^^^^^^^^^^^^^^^^^^^^^^^^^^^^^^^^^^^^^^^^^^^^^^^^^^^^^^^^^^^^^^^^^^^^^^^^^^^^^^^^^^^^^^^^^^^^^^^^^^^^^^^^^^^^^^^^^^^^^^^^^^^^^^^^^^^^^^^^^^^^^^^^^^^^^^^^^^^^^^^^^^^^^^^^^^^^^^^^^^^^^^^^^^^^^^^^^^^^^^^^^^^^^^^^^^^^^^^^^
^^^^^^^^^^^^^^^^^^^^^^^^^^^^^^^^^^^^^^^^^^^^^^^^^^^^^^^^^^^^^^^^^^^^^^^^^^^^^^^^^^^^^^^^^^^^^^^^^^^^^^^^^^^^^^^^^^^^^^^^^^^^^^^^^^^^^^^^^^^^^^^^^^^^^^^^^^^^^^^^^^^^^^^^^^^^^^^^^^^^^^^^^^^^^^^^^^^^^^^^^^^^^^^^^^^^^^^^^^^^^^^^^^^^^^^^^^^^^^^^
^^^^^^^^^^^^^^^^^^^^^^^^^^^^^^^^^^^^^^^^^^^^^^^^^^^^^^^^^^^^^^^^^^^^^^^^^^^^^^^^^^^^^^^^^^^^^^^^^^^^^^^^^^^^^^^^^^^^^^^^^^^^^^^^^^^^^^^^^^^^^^^^^^^^^^^^^^^^^^^^^^^^^^^^^^^^^^^^^^^^^^^^^^^^^^^^^^^^^^^^^^^^^^^^^^^^^^^^^^^^^^^^^^^^^^^^^^^^^^^^
^^^^^^^^^^^^^^^^^^^^^^^^^^^^^^^^^^^^^^^^^^^^^^^^^^^^^^^^^^^^^^^^^^^^^^^^^^^^^^^^^^^^^^^^^^^^^^^^^^^^^^^^^^^^^^^^^^^^^^^^^^^^^^^^^^^^^^^^^^^^^^^^^^^^^^^^^^^^^^^^^^^^^^^^^^^^^^^^^^^^^^^^^^^^^^^^^^^^^^^^^^^^^^^^^^^^^^^^^^^^^^^^^^^^^^^^^^^^^^^^
^^^^^^^^^^^^^^^^^^^^^^^^^^^^^^^^^^^^^^^^^^^^^^^^^^^^^^^^^^^^^^^^^^^^^^^^^^^^^^^^^^^^^^^^^^^^^^^^^^^^^^^^^^^^^^^^^^^^^^^^^^^^^^^^^^^^^^^^^^^^^^^^^^^^^^^^^^^^^^^^^^^^^^^^^^^^^^^^^^^^^^^^^^^^^^^^^^^^^^^^^^^^^^^^^^^^^^^^^^^^^^^^^^^^^^^^^^^^^^^^
^^^^^^^^^^^^^^^^^^^^^^^^^^^^^^^^^^^^^^^^^^^^^^^^^^^^^^^^^^^^^^^^^^^^^^^^^^^^^^^^^^^^^^^^^^^^^^^^^^^^^^^^^^^^^^^^^^^^^^^^^^^^^^^^^^^^^^^^^^^^^^^^^^^^^^^^^^^^^^^^^^^^^^^^^^^^^^^^^^^^^^^^^^^^^^^^^^^^^^^^^^^^^^^^^^^^^^^^^^^^^^^^^^^^^^^^^^^^^^^^
